Archive member included to satisfy reference by file (symbol)

/Applications/ArmGNUToolchain/15.2.rel1/arm-none-eabi/bin/../lib/gcc/arm-none-eabi/15.2.1/thumb/v6-m/nofp/libgcc.a(_dvmd_tls.o)
                              CMakeFiles/pico_ble_keyboard.dir/Users/talha/pico/pico-sdk/src/rp2_common/pico_divider/divider_hardware.S.o (__aeabi_idiv0)
/Applications/ArmGNUToolchain/15.2.rel1/arm-none-eabi/bin/../lib/gcc/arm-none-eabi/15.2.1/../../../../arm-none-eabi/lib/thumb/v6-m/nofp/libg.a(libc_a-calloc.o)
                              CMakeFiles/pico_ble_keyboard.dir/Users/talha/pico/pico-sdk/src/rp2_common/pico_malloc/malloc.c.o (calloc)
/Applications/ArmGNUToolchain/15.2.rel1/arm-none-eabi/bin/../lib/gcc/arm-none-eabi/15.2.1/../../../../arm-none-eabi/lib/thumb/v6-m/nofp/libg.a(libc_a-callocr.o)
                              /Applications/ArmGNUToolchain/15.2.rel1/arm-none-eabi/bin/../lib/gcc/arm-none-eabi/15.2.1/../../../../arm-none-eabi/lib/thumb/v6-m/nofp/libg.a(libc_a-calloc.o) (_calloc_r)
/Applications/ArmGNUToolchain/15.2.rel1/arm-none-eabi/bin/../lib/gcc/arm-none-eabi/15.2.1/../../../../arm-none-eabi/lib/thumb/v6-m/nofp/libg.a(libc_a-malloc.o)
                              CMakeFiles/pico_ble_keyboard.dir/Users/talha/pico/pico-sdk/src/rp2_common/pico_malloc/malloc.c.o (malloc)
/Applications/ArmGNUToolchain/15.2.rel1/arm-none-eabi/bin/../lib/gcc/arm-none-eabi/15.2.1/../../../../arm-none-eabi/lib/thumb/v6-m/nofp/libg.a(libc_a-mallocr.o)
                              /Applications/ArmGNUToolchain/15.2.rel1/arm-none-eabi/bin/../lib/gcc/arm-none-eabi/15.2.1/../../../../arm-none-eabi/lib/thumb/v6-m/nofp/libg.a(libc_a-callocr.o) (_malloc_r)
/Applications/ArmGNUToolchain/15.2.rel1/arm-none-eabi/bin/../lib/gcc/arm-none-eabi/15.2.1/../../../../arm-none-eabi/lib/thumb/v6-m/nofp/libg.a(libc_a-mlock.o)
                              /Applications/ArmGNUToolchain/15.2.rel1/arm-none-eabi/bin/../lib/gcc/arm-none-eabi/15.2.1/../../../../arm-none-eabi/lib/thumb/v6-m/nofp/libg.a(libc_a-mallocr.o) (__malloc_lock)
/Applications/ArmGNUToolchain/15.2.rel1/arm-none-eabi/bin/../lib/gcc/arm-none-eabi/15.2.1/../../../../arm-none-eabi/lib/thumb/v6-m/nofp/libg.a(libc_a-realloc.o)
                              CMakeFiles/pico_ble_keyboard.dir/Users/talha/pico/pico-sdk/src/rp2_common/pico_malloc/malloc.c.o (realloc)
/Applications/ArmGNUToolchain/15.2.rel1/arm-none-eabi/bin/../lib/gcc/arm-none-eabi/15.2.1/../../../../arm-none-eabi/lib/thumb/v6-m/nofp/libg.a(libc_a-reallocr.o)
                              /Applications/ArmGNUToolchain/15.2.rel1/arm-none-eabi/bin/../lib/gcc/arm-none-eabi/15.2.1/../../../../arm-none-eabi/lib/thumb/v6-m/nofp/libg.a(libc_a-realloc.o) (_realloc_r)
/Applications/ArmGNUToolchain/15.2.rel1/arm-none-eabi/bin/../lib/gcc/arm-none-eabi/15.2.1/../../../../arm-none-eabi/lib/thumb/v6-m/nofp/libg.a(libc_a-memcmp.o)
                              CMakeFiles/pico_ble_keyboard.dir/Users/talha/pico/pico-sdk/src/rp2_common/pico_atomic/atomic.c.o (memcmp)
/Applications/ArmGNUToolchain/15.2.rel1/arm-none-eabi/bin/../lib/gcc/arm-none-eabi/15.2.1/../../../../arm-none-eabi/lib/thumb/v6-m/nofp/libg.a(libc_a-memmove.o)
                              CMakeFiles/pico_ble_keyboard.dir/Users/talha/pico/pico-sdk/lib/cyw43-driver/src/cyw43_ll.c.o (memmove)
/Applications/ArmGNUToolchain/15.2.rel1/arm-none-eabi/bin/../lib/gcc/arm-none-eabi/15.2.1/../../../../arm-none-eabi/lib/thumb/v6-m/nofp/libg.a(libc_a-strncmp.o)
                              CMakeFiles/pico_ble_keyboard.dir/Users/talha/pico/pico-sdk/lib/cyw43-driver/src/cyw43_ll.c.o (strncmp)
/Applications/ArmGNUToolchain/15.2.rel1/arm-none-eabi/bin/../lib/gcc/arm-none-eabi/15.2.1/../../../../arm-none-eabi/lib/thumb/v6-m/nofp/libg.a(libc_a-lcltime_r.o)
                              CMakeFiles/pico_ble_keyboard.dir/Users/talha/pico/pico-sdk/src/common/pico_util/datetime.c.o (localtime_r)
/Applications/ArmGNUToolchain/15.2.rel1/arm-none-eabi/bin/../lib/gcc/arm-none-eabi/15.2.1/../../../../arm-none-eabi/lib/thumb/v6-m/nofp/libg.a(libc_a-mktime.o)
                              CMakeFiles/pico_ble_keyboard.dir/Users/talha/pico/pico-sdk/src/common/pico_util/datetime.c.o (mktime)
/Applications/ArmGNUToolchain/15.2.rel1/arm-none-eabi/bin/../lib/gcc/arm-none-eabi/15.2.1/../../../../arm-none-eabi/lib/thumb/v6-m/nofp/libg.a(libc_a-month_lengths.o)
                              /Applications/ArmGNUToolchain/15.2.rel1/arm-none-eabi/bin/../lib/gcc/arm-none-eabi/15.2.1/../../../../arm-none-eabi/lib/thumb/v6-m/nofp/libg.a(libc_a-lcltime_r.o) (__month_lengths)
/Applications/ArmGNUToolchain/15.2.rel1/arm-none-eabi/bin/../lib/gcc/arm-none-eabi/15.2.1/../../../../arm-none-eabi/lib/thumb/v6-m/nofp/libg.a(libc_a-tzcalc_limits.o)
                              /Applications/ArmGNUToolchain/15.2.rel1/arm-none-eabi/bin/../lib/gcc/arm-none-eabi/15.2.1/../../../../arm-none-eabi/lib/thumb/v6-m/nofp/libg.a(libc_a-lcltime_r.o) (__tzcalc_limits)
[...]
Memory Configuration

Name             Origin             Length             Attributes
FLASH            0x10000000         0x00200000         xr
RAM              0x20000000         0x00040000         xrw
SCRATCH_X        0x20040000         0x00001000         xrw
SCRATCH_Y        0x20041000         0x00001000         xrw
*default*        0x00000000         0xffffffff

Linker script and memory map

LOAD /Applications/ArmGNUToolchain/15.2.rel1/arm-none-eabi/bin/../lib/gcc/arm-none-eabi/15.2.1/thumb/v6-m/nofp/crti.o
LOAD /Applications/ArmGNUToolchain/15.2.rel1/arm-none-eabi/bin/../lib/gcc/arm-none-eabi/15.2.1/thumb/v6-m/nofp/crtbegin.o
LOAD /Applications/ArmGNUToolchain/15.2.rel1/arm-none-eabi/bin/../lib/gcc/arm-none-eabi/15.2.1/../../../../arm-none-eabi/lib/thumb/v6-m/nofp/crt0.o

.flash_begin    0x10000000        0x0
                0x10000000                        __flash_binary_start = .

.boot2          0x10000000      0x100
                0x10000000                        __boot2_start__ = .
 *(.boot2)
 .boot2         0x10000000      0x100 pico-sdk/src/rp2040/boot_stage2/CMakeFiles/bs2_default_library.dir/bs2_default_padded_checksummed.S.o
                0x10000100                        __boot2_end__ = .
                0x00000001                        ASSERT (((__boot2_end__ - __boot2_start__) == 0x100), ERROR: Pico second stage bootloader must be 256 bytes in size)

.text           0x10000100    0x2629c
                0x10000100                        __logical_binary_start = .
 *(.vectors)
 .vectors       0x10000100       0xd4 CMakeFiles/pico_ble_keyboard.dir/Users/talha/pico/pico-sdk/src/rp2_common/pico_crt0/crt0.S.o
                0x10000100                __VECTOR_TABLE
                0x10000100                __vectors
                0x100001c0                isr_irq13
                0x100001c0                isr_irq27
                0x100001c0                isr_irq31
                0x100001c0                isr_irq5
                0x100001c0                isr_irq11
                0x100001c0                isr_irq23
                0x100001c0                isr_irq18
                0x100001c0                isr_irq9
                0x100001c0                __unhandled_user_irq
                0x100001c0                isr_irq25
                0x100001c0                isr_irq4
                0x100001c0                isr_irq16
                0x100001c0                isr_irq29
                0x100001c0                isr_irq26
                0x100001c0                isr_irq3
                0x100001c0                isr_irq12
                0x100001c0                isr_irq30
                0x100001c0                isr_irq28
                0x100001c0                isr_irq19
                0x100001c0                isr_irq0
                0x100001c0                isr_irq6
                0x100001c0                isr_irq22
                0x100001c0                isr_irq17
                0x100001c0                isr_irq14
                0x100001c0                __vectors_end
                0x100001c0                __default_isrs_start
                0x100001c0                isr_irq2
                0x100001c0                isr_irq10
                0x100001c0                isr_irq8
                0x100001c0                isr_irq24
                0x100001c0                isr_irq1
                0x100001c0                isr_irq7
                0x100001c0                isr_irq21
                0x100001c0                isr_irq20
                0x100001c0                isr_irq15
                0x100001c6                unhandled_user_irq_num_in_r0
                0x100001c8                isr_invalid
                0x100001ca                isr_nmi
                0x100001cc                isr_hardfault
                0x100001ce                isr_svcall
                0x100001d0                isr_pendsv
                0x100001d2                isr_systick
                0x100001d4                __default_isrs_end
 *(.binary_info_header)
 .binary_info_header
                0x100001d4       0x14 CMakeFiles/pico_ble_keyboard.dir/Users/talha/pico/pico-sdk/src/rp2_common/pico_crt0/crt0.S.o
                0x100001e8                        __binary_info_header_end = .
 *(.embedded_block)
                0x100001e8                        __embedded_block_end = .
 *(.reset)
 .reset         0x100001e8       0x9c CMakeFiles/pico_ble_keyboard.dir/Users/talha/pico/pico-sdk/src/rp2_common/pico_crt0/crt0.S.o
                0x100001e8                _entry_point
 *(.init)
 .init          0x10000284        0x4 /Applications/ArmGNUToolchain/15.2.rel1/arm-none-eabi/bin/../lib/gcc/arm-none-eabi/15.2.1/thumb/v6-m/nofp/crti.o
                0x10000284                _init
 *(EXCLUDE_FILE(*libm.a: *libc.a:*lib_a-mem*.o *libgcc.a:) .text*)
 .text.register_tm_clones
                0x10000288       0x28 /Applications/ArmGNUToolchain/15.2.rel1/arm-none-eabi/bin/../lib/gcc/arm-none-eabi/15.2.1/thumb/v6-m/nofp/crtbegin.o
 .text.frame_dummy
                0x100002b0       0x24 /Applications/ArmGNUToolchain/15.2.rel1/arm-none-eabi/bin/../lib/gcc/arm-none-eabi/15.2.1/thumb/v6-m/nofp/crtbegin.o
 .text.core1_entry
                0x100002d4        0x8 CMakeFiles/pico_ble_keyboard.dir/main.c.o
 .text.startup.main
                0x100002dc       0x20 CMakeFiles/pico_ble_keyboard.dir/main.c.o
                0x100002dc                main
 .text.usb_host_init
                0x100002fc       0x18 CMakeFiles/pico_ble_keyboard.dir/usb_host.c.o
                0x100002fc                usb_host_init
 .text.tuh_hid_mount_cb
                0x10000314       0xd0 CMakeFiles/pico_ble_keyboard.dir/usb_host.c.o
                0x10000314                tuh_hid_mount_cb
 .text.usb_host_get_current_report
                0x100003e4       0x14 CMakeFiles/pico_ble_keyboard.dir/usb_host.c.o
                0x100003e4                usb_host_get_current_report
 .text.usb_host_reset_forwarded_state
                0x100003f8       0x18 CMakeFiles/pico_ble_keyboard.dir/usb_host.c.o
                0x100003f8                usb_host_reset_forwarded_state
 .text.tuh_hid_umount_cb
                0x10000410       0x6c CMakeFiles/pico_ble_keyboard.dir/usb_host.c.o
                0x10000410                tuh_hid_umount_cb
 .text.tuh_hid_report_received_cb
                0x1000047c       0xb4 CMakeFiles/pico_ble_keyboard.dir/usb_host.c.o
                0x1000047c                tuh_hid_report_received_cb
 .text.send_timer_handler
                0x10000530       0x68 CMakeFiles/pico_ble_keyboard.dir/ble_hid.c.o
 .text.packet_handler
                0x10000598      0x340 CMakeFiles/pico_ble_keyboard.dir/ble_hid.c.o
 .text.ble_hid_send_report
                0x100008d8       0x84 CMakeFiles/pico_ble_keyboard.dir/ble_hid.c.o
                0x100008d8                ble_hid_send_report
 .text.ble_hid_main
                0x1000095c       0xcc CMakeFiles/pico_ble_keyboard.dir/ble_hid.c.o
                0x1000095c                ble_hid_main
 .text.hids_device_can_send_now
                0x10000a28       0x38 CMakeFiles/pico_ble_keyboard.dir/Users/talha/pico/pico-sdk/lib/btstack/src/ble/gatt-service/hids_device.c.o
 .text.hids_device_emit_report
                0x10000a60       0x64 CMakeFiles/pico_ble_keyboard.dir/Users/talha/pico/pico-sdk/lib/btstack/src/ble/gatt-service/hids_device.c.o
 .text.att_read_callback
                0x10000ac4      0x174 CMakeFiles/pico_ble_keyboard.dir/Users/talha/pico/pico-sdk/lib/btstack/src/ble/gatt-service/hids_device.c.o
 .text.att_write_callback
                0x10000c38      0x238 CMakeFiles/pico_ble_keyboard.dir/Users/talha/pico/pico-sdk/lib/btstack/src/ble/gatt-service/hids_device.c.o
 .text.hids_device_init_with_storage
                0x10000e70      0x2d4 CMakeFiles/pico_ble_keyboard.dir/Users/talha/pico/pico-sdk/lib/btstack/src/ble/gatt-service/hids_device.c.o
                0x10000e70                hids_device_init_with_storage
 .text.hids_device_register_packet_handler
                0x10001144        0xc CMakeFiles/pico_ble_keyboard.dir/Users/talha/pico/pico-sdk/lib/btstack/src/ble/gatt-service/hids_device.c.o
                0x10001144                hids_device_register_packet_handler
 .text.hids_device_request_can_send_now_event
                0x10001150       0x20 CMakeFiles/pico_ble_keyboard.dir/Users/talha/pico/pico-sdk/lib/btstack/src/ble/gatt-service/hids_device.c.o
                0x10001150                hids_device_request_can_send_now_event
 .text.hids_device_send_input_report_for_id
                0x10001170       0x54 CMakeFiles/pico_ble_keyboard.dir/Users/talha/pico/pico-sdk/lib/btstack/src/ble/gatt-service/hids_device.c.o
                0x10001170                hids_device_send_input_report_for_id
 .text.battery_service_write_callback
                0x100011c4       0x34 CMakeFiles/pico_ble_keyboard.dir/Users/talha/pico/pico-sdk/lib/btstack/src/ble/gatt-service/battery_service_server.c.o
 .text.battery_service_read_callback
                0x100011f8       0x50 CMakeFiles/pico_ble_keyboard.dir/Users/talha/pico/pico-sdk/lib/btstack/src/ble/gatt-service/battery_service_server.c.o
 .text.battery_service_server_init
                0x10001248       0x78 CMakeFiles/pico_ble_keyboard.dir/Users/talha/pico/pico-sdk/lib/btstack/src/ble/gatt-service/battery_service_server.c.o
                0x10001248                battery_service_server_init
 .text.device_information_service_read_callback
                0x100012c0       0xd0 CMakeFiles/pico_ble_keyboard.dir/Users/talha/pico/pico-sdk/lib/btstack/src/ble/gatt-service/device_information_service_server.c.o
 .text.device_information_service_server_init
                0x10001390       0xa4 CMakeFiles/pico_ble_keyboard.dir/Users/talha/pico/pico-sdk/lib/btstack/src/ble/gatt-service/device_information_service_server.c.o
                0x10001390                device_information_service_server_init
 .text.gpio_set_function
                0x10001434       0x30 CMakeFiles/pico_ble_keyboard.dir/Users/talha/pico/pico-sdk/src/rp2_common/hardware_gpio/gpio.c.o
                0x10001434                gpio_set_function
 .text.gpio_set_pulls
                0x10001464       0x24 CMakeFiles/pico_ble_keyboard.dir/Users/talha/pico/pico-sdk/src/rp2_common/hardware_gpio/gpio.c.o
                0x10001464                gpio_set_pulls
 .text.gpio_set_input_hysteresis_enabled
                0x10001488       0x24 CMakeFiles/pico_ble_keyboard.dir/Users/talha/pico/pico-sdk/src/rp2_common/hardware_gpio/gpio.c.o
                0x10001488                gpio_set_input_hysteresis_enabled
 .text.gpio_set_irq_enabled
                0x100014ac       0x54 CMakeFiles/pico_ble_keyboard.dir/Users/talha/pico/pico-sdk/src/rp2_common/hardware_gpio/gpio.c.o
                0x100014ac                gpio_set_irq_enabled
 .text.gpio_add_raw_irq_handler_with_order_priority_masked
                0x10001500       0x40 CMakeFiles/pico_ble_keyboard.dir/Users/talha/pico/pico-sdk/src/rp2_common/hardware_gpio/gpio.c.o
                0x10001500                gpio_add_raw_irq_handler_with_order_priority_masked
 .text.gpio_remove_raw_irq_handler_masked
                0x10001540       0x20 CMakeFiles/pico_ble_keyboard.dir/Users/talha/pico/pico-sdk/src/rp2_common/hardware_gpio/gpio.c.o
                0x10001540                gpio_remove_raw_irq_handler_masked
 .text.gpio_init
                0x10001560       0x3c CMakeFiles/pico_ble_keyboard.dir/Users/talha/pico/pico-sdk/src/rp2_common/hardware_gpio/gpio.c.o
                0x10001560                gpio_init
 .text.panic    0x1000159c       0x30 CMakeFiles/pico_ble_keyboard.dir/Users/talha/pico/pico-sdk/src/rp2_common/pico_platform_panic/panic.c.o
                0x1000159c                panic
 .text.hw_claim_lock
                0x100015cc       0x18 CMakeFiles/pico_ble_keyboard.dir/Users/talha/pico/pico-sdk/src/common/hardware_claim/claim.c.o
                0x100015cc                hw_claim_lock
 .text.hw_claim_unlock
                0x100015e4       0x14 CMakeFiles/pico_ble_keyboard.dir/Users/talha/pico/pico-sdk/src/common/hardware_claim/claim.c.o
                0x100015e4                hw_claim_unlock
 .text.hw_claim_or_assert
                0x100015f8       0x50 CMakeFiles/pico_ble_keyboard.dir/Users/talha/pico/pico-sdk/src/common/hardware_claim/claim.c.o
                0x100015f8                hw_claim_or_assert
 .text.hw_claim_unused_from_range
                0x10001648       0x88 CMakeFiles/pico_ble_keyboard.dir/Users/talha/pico/pico-sdk/src/common/hardware_claim/claim.c.o
                0x10001648                hw_claim_unused_from_range
 .text.hw_claim_clear
                0x100016d0       0x40 CMakeFiles/pico_ble_keyboard.dir/Users/talha/pico/pico-sdk/src/common/hardware_claim/claim.c.o
                0x100016d0                hw_claim_clear
 .text.next_striped_spin_lock_num
                0x10001710       0x18 CMakeFiles/pico_ble_keyboard.dir/Users/talha/pico/pico-sdk/src/rp2_common/hardware_sync/sync.c.o
                0x10001710                next_striped_spin_lock_num
 .text.spin_lock_claim_unused
                0x10001728       0x20 CMakeFiles/pico_ble_keyboard.dir/Users/talha/pico/pico-sdk/src/rp2_common/hardware_sync/sync.c.o
                0x10001728                spin_lock_claim_unused
 .text.spin_locks_reset
                0x10001748       0x1c CMakeFiles/pico_ble_keyboard.dir/Users/talha/pico/pico-sdk/src/rp2_common/hardware_sync_spin_lock/sync_spin_lock.c.o
                0x10001748                spin_locks_reset
 .text.runtime_init_per_core_irq_priorities
                0x10001764       0x48 CMakeFiles/pico_ble_keyboard.dir/Users/talha/pico/pico-sdk/src/rp2_common/hardware_irq/irq.c.o
                0x10001764                runtime_init_per_core_irq_priorities
 .text.irq_set_enabled
                0x100017ac       0x24 CMakeFiles/pico_ble_keyboard.dir/Users/talha/pico/pico-sdk/src/rp2_common/hardware_irq/irq.c.o
                0x100017ac                irq_set_enabled
 .text.irq_is_enabled
                0x100017d0       0x18 CMakeFiles/pico_ble_keyboard.dir/Users/talha/pico/pico-sdk/src/rp2_common/hardware_irq/irq.c.o
                0x100017d0                irq_is_enabled
 .text.irq_set_pending
                0x100017e8       0x10 CMakeFiles/pico_ble_keyboard.dir/Users/talha/pico/pico-sdk/src/rp2_common/hardware_irq/irq.c.o
                0x100017e8                irq_set_pending
 .text.irq_set_exclusive_handler
                0x100017f8       0x54 CMakeFiles/pico_ble_keyboard.dir/Users/talha/pico/pico-sdk/src/rp2_common/hardware_irq/irq.c.o
                0x100017f8                irq_set_exclusive_handler
 .text.irq_add_shared_handler
                0x1000184c      0x1cc CMakeFiles/pico_ble_keyboard.dir/Users/talha/pico/pico-sdk/src/rp2_common/hardware_irq/irq.c.o
                0x1000184c                irq_add_shared_handler
 .text.irq_remove_handler
                0x10001a18      0x1c8 CMakeFiles/pico_ble_keyboard.dir/Users/talha/pico/pico-sdk/src/rp2_common/hardware_irq/irq.c.o
                0x10001a18                irq_remove_handler
 .text.irq_set_priority
                0x10001be0       0x28 CMakeFiles/pico_ble_keyboard.dir/Users/talha/pico/pico-sdk/src/rp2_common/hardware_irq/irq.c.o
                0x10001be0                irq_set_priority
 .text.irq_add_tail_to_free_list
                0x10001c08       0xb4 CMakeFiles/pico_ble_keyboard.dir/Users/talha/pico/pico-sdk/src/rp2_common/hardware_irq/irq.c.o
                0x10001c08                irq_add_tail_to_free_list
 .text.user_irq_unclaim
                0x10001cbc       0x14 CMakeFiles/pico_ble_keyboard.dir/Users/talha/pico/pico-sdk/src/rp2_common/hardware_irq/irq.c.o
                0x10001cbc                user_irq_unclaim
 .text.user_irq_claim_unused
                0x10001cd0       0x28 CMakeFiles/pico_ble_keyboard.dir/Users/talha/pico/pico-sdk/src/rp2_common/hardware_irq/irq.c.o
                0x10001cd0                user_irq_claim_unused
 .text.sem_init
                0x10001cf8       0x20 CMakeFiles/pico_ble_keyboard.dir/Users/talha/pico/pico-sdk/src/common/pico_sync/sem.c.o
                0x10001cf8                sem_init
 .text.lock_init
                0x10001d18       0x10 CMakeFiles/pico_ble_keyboard.dir/Users/talha/pico/pico-sdk/src/common/pico_sync/lock_core.c.o
                0x10001d18                lock_init
 .text.runtime_init_mutex
                0x10001d28       0x50 CMakeFiles/pico_ble_keyboard.dir/Users/talha/pico/pico-sdk/src/common/pico_sync/mutex.c.o
                0x10001d28                runtime_init_mutex
 .text.mutex_init
                0x10001d78       0x1c CMakeFiles/pico_ble_keyboard.dir/Users/talha/pico/pico-sdk/src/common/pico_sync/mutex.c.o
                0x10001d78                mutex_init
 .text.recursive_mutex_init
                0x10001d94       0x1c CMakeFiles/pico_ble_keyboard.dir/Users/talha/pico/pico-sdk/src/common/pico_sync/mutex.c.o
                0x10001d94                recursive_mutex_init
 .text.critical_section_init
                0x10001db0       0x1c CMakeFiles/pico_ble_keyboard.dir/Users/talha/pico/pico-sdk/src/common/pico_sync/critical_section.c.o
                0x10001db0                critical_section_init
 .text.sleep_until_callback
                0x10001dcc       0x30 CMakeFiles/pico_ble_keyboard.dir/Users/talha/pico/pico-sdk/src/common/pico_time/time.c.o
 .text.alarm_pool_irq_handler
                0x10001dfc      0x2f4 CMakeFiles/pico_ble_keyboard.dir/Users/talha/pico/pico-sdk/src/common/pico_time/time.c.o
 .text.runtime_init_default_alarm_pool
                0x100020f0       0xd8 CMakeFiles/pico_ble_keyboard.dir/Users/talha/pico/pico-sdk/src/common/pico_time/time.c.o
                0x100020f0                runtime_init_default_alarm_pool
 .text.alarm_pool_get_default
                0x100021c8        0x8 CMakeFiles/pico_ble_keyboard.dir/Users/talha/pico/pico-sdk/src/common/pico_time/time.c.o
                0x100021c8                alarm_pool_get_default
 .text.alarm_pool_create_on_timer_with_unused_hardware_alarm
                0x100021d0       0xa0 CMakeFiles/pico_ble_keyboard.dir/Users/talha/pico/pico-sdk/src/common/pico_time/time.c.o
                0x100021d0                alarm_pool_create_on_timer_with_unused_hardware_alarm
 .text.alarm_pool_destroy
                0x10002270       0x5c CMakeFiles/pico_ble_keyboard.dir/Users/talha/pico/pico-sdk/src/common/pico_time/time.c.o
                0x10002270                alarm_pool_destroy
 .text.alarm_pool_add_alarm_at
                0x100022cc       0xcc CMakeFiles/pico_ble_keyboard.dir/Users/talha/pico/pico-sdk/src/common/pico_time/time.c.o
                0x100022cc                alarm_pool_add_alarm_at
 .text.alarm_pool_add_alarm_at_force_in_context
                0x10002398       0xbc CMakeFiles/pico_ble_keyboard.dir/Users/talha/pico/pico-sdk/src/common/pico_time/time.c.o
                0x10002398                alarm_pool_add_alarm_at_force_in_context
 .text.alarm_pool_cancel_alarm
                0x10002454       0x74 CMakeFiles/pico_ble_keyboard.dir/Users/talha/pico/pico-sdk/src/common/pico_time/time.c.o
                0x10002454                alarm_pool_cancel_alarm
 .text.alarm_pool_core_num
                0x100024c8        0x4 CMakeFiles/pico_ble_keyboard.dir/Users/talha/pico/pico-sdk/src/common/pico_time/time.c.o
                0x100024c8                alarm_pool_core_num
 .text.sleep_until
                0x100024cc       0xc8 CMakeFiles/pico_ble_keyboard.dir/Users/talha/pico/pico-sdk/src/common/pico_time/time.c.o
                0x100024cc                sleep_until
 .text.sleep_ms
                0x10002594       0xfc CMakeFiles/pico_ble_keyboard.dir/Users/talha/pico/pico-sdk/src/common/pico_time/time.c.o
                0x10002594                sleep_ms
 .text.best_effort_wfe_or_timeout
                0x10002690      0x100 CMakeFiles/pico_ble_keyboard.dir/Users/talha/pico/pico-sdk/src/common/pico_time/time.c.o
                0x10002690                best_effort_wfe_or_timeout
 .text.alarm_pool_get_default_timer
                0x10002790        0x8 CMakeFiles/pico_ble_keyboard.dir/Users/talha/pico/pico-sdk/src/common/pico_time/time.c.o
                0x10002790                alarm_pool_get_default_timer
 .text.timer_hardware_alarm_claim
                0x10002798       0x14 CMakeFiles/pico_ble_keyboard.dir/Users/talha/pico/pico-sdk/src/rp2_common/hardware_timer/timer.c.o
                0x10002798                timer_hardware_alarm_claim
 .text.timer_hardware_alarm_unclaim
                0x100027ac       0x10 CMakeFiles/pico_ble_keyboard.dir/Users/talha/pico/pico-sdk/src/rp2_common/hardware_timer/timer.c.o
                0x100027ac                timer_hardware_alarm_unclaim
 .text.timer_hardware_alarm_claim_unused
                0x100027bc       0x20 CMakeFiles/pico_ble_keyboard.dir/Users/talha/pico/pico-sdk/src/rp2_common/hardware_timer/timer.c.o
                0x100027bc                timer_hardware_alarm_claim_unused
 .text.timer_time_us_64
                0x100027dc       0x10 CMakeFiles/pico_ble_keyboard.dir/Users/talha/pico/pico-sdk/src/rp2_common/hardware_timer/timer.c.o
                0x100027dc                timer_time_us_64
 .text.time_us_64
                0x100027ec       0x14 CMakeFiles/pico_ble_keyboard.dir/Users/talha/pico/pico-sdk/src/rp2_common/hardware_timer/timer.c.o
                0x100027ec                time_us_64
 .text.busy_wait_us
                0x10002800       0x6c CMakeFiles/pico_ble_keyboard.dir/Users/talha/pico/pico-sdk/src/rp2_common/hardware_timer/timer.c.o
                0x10002800                busy_wait_us
 .text.busy_wait_until
                0x1000286c       0x20 CMakeFiles/pico_ble_keyboard.dir/Users/talha/pico/pico-sdk/src/rp2_common/hardware_timer/timer.c.o
                0x1000286c                busy_wait_until
 .text.uart_init
                0x1000288c      0x11c CMakeFiles/pico_ble_keyboard.dir/Users/talha/pico/pico-sdk/src/rp2_common/hardware_uart/uart.c.o
                0x1000288c                uart_init
 .text.clock_configure_int_divider
                0x100029a8       0xec CMakeFiles/pico_ble_keyboard.dir/Users/talha/pico/pico-sdk/src/rp2_common/hardware_clocks/clocks.c.o
                0x100029a8                clock_configure_int_divider
 .text.clock_configure_undivided
                0x10002a94       0xe0 CMakeFiles/pico_ble_keyboard.dir/Users/talha/pico/pico-sdk/src/rp2_common/hardware_clocks/clocks.c.o
                0x10002a94                clock_configure_undivided
 .text.clock_get_hz
                0x10002b74        0xc CMakeFiles/pico_ble_keyboard.dir/Users/talha/pico/pico-sdk/src/rp2_common/hardware_clocks/clocks.c.o
                0x10002b74                clock_get_hz
 .text.pll_init
                0x10002b80       0xb0 CMakeFiles/pico_ble_keyboard.dir/Users/talha/pico/pico-sdk/src/rp2_common/hardware_pll/pll.c.o
                0x10002b80                pll_init
 .text.tick_start
                0x10002c30       0x10 CMakeFiles/pico_ble_keyboard.dir/Users/talha/pico/pico-sdk/src/rp2_common/hardware_ticks/ticks.c.o
                0x10002c30                tick_start
 .text.rom_func_lookup
                0x10002c40       0x10 CMakeFiles/pico_ble_keyboard.dir/Users/talha/pico/pico-sdk/src/rp2_common/pico_bootrom/bootrom.c.o
                0x10002c40                rom_func_lookup
 .text.rom_data_lookup
                0x10002c50       0x10 CMakeFiles/pico_ble_keyboard.dir/Users/talha/pico/pico-sdk/src/rp2_common/pico_bootrom/bootrom.c.o
                0x10002c50                rom_data_lookup
 .text.rom_funcs_lookup
                0x10002c60       0x44 CMakeFiles/pico_ble_keyboard.dir/Users/talha/pico/pico-sdk/src/rp2_common/pico_bootrom/bootrom.c.o
                0x10002c60                rom_funcs_lookup
 .text.default_exit_safe_zone_timeout_ms
                0x10002ca4       0x34 CMakeFiles/pico_ble_keyboard.dir/Users/talha/pico/pico-sdk/src/rp2_common/pico_flash/flash.c.o
 .text.default_enter_safe_zone_timeout_ms
                0x10002cd8       0x50 CMakeFiles/pico_ble_keyboard.dir/Users/talha/pico/pico-sdk/src/rp2_common/pico_flash/flash.c.o
 .text.default_core_init_deinit
                0x10002d28       0x10 CMakeFiles/pico_ble_keyboard.dir/Users/talha/pico/pico-sdk/src/rp2_common/pico_flash/flash.c.o
 .text.get_flash_safety_helper
                0x10002d38        0x8 CMakeFiles/pico_ble_keyboard.dir/Users/talha/pico/pico-sdk/src/rp2_common/pico_flash/flash.c.o
                0x10002d38                get_flash_safety_helper
 .text.flash_safe_execute
                0x10002d40       0x2c CMakeFiles/pico_ble_keyboard.dir/Users/talha/pico/pico-sdk/src/rp2_common/pico_flash/flash.c.o
                0x10002d40                flash_safe_execute
 .text.xosc_init
                0x10002d6c       0x28 CMakeFiles/pico_ble_keyboard.dir/Users/talha/pico/pico-sdk/src/rp2_common/hardware_xosc/xosc.c.o
                0x10002d6c                xosc_init
 .text.first_per_core_initializer
                0x10002d94        0x4 CMakeFiles/pico_ble_keyboard.dir/Users/talha/pico/pico-sdk/src/rp2_common/pico_runtime/runtime.c.o
 .text.hard_assertion_failure
                0x10002d98        0xc CMakeFiles/pico_ble_keyboard.dir/Users/talha/pico/pico-sdk/src/rp2_common/pico_runtime/runtime.c.o
                0x10002d98                hard_assertion_failure
 .text.runtime_run_initializers
                0x10002da4       0x28 CMakeFiles/pico_ble_keyboard.dir/Users/talha/pico/pico-sdk/src/rp2_common/pico_runtime/runtime.c.o
                0x10002da4                runtime_run_initializers
 .text.runtime_run_per_core_initializers
                0x10002dcc       0x28 CMakeFiles/pico_ble_keyboard.dir/Users/talha/pico/pico-sdk/src/rp2_common/pico_runtime/runtime.c.o
                0x10002dcc                runtime_run_per_core_initializers
 .text.runtime_init_early_resets
                0x10002df4       0x2c CMakeFiles/pico_ble_keyboard.dir/Users/talha/pico/pico-sdk/src/rp2_common/pico_runtime_init/runtime_init.c.o
                0x10002df4                runtime_init_early_resets
 .text.runtime_init_usb_power_down
                0x10002e20       0x1c CMakeFiles/pico_ble_keyboard.dir/Users/talha/pico/pico-sdk/src/rp2_common/pico_runtime_init/runtime_init.c.o
                0x10002e20                runtime_init_usb_power_down
 .text.runtime_init_post_clock_resets
                0x10002e3c       0x20 CMakeFiles/pico_ble_keyboard.dir/Users/talha/pico/pico-sdk/src/rp2_common/pico_runtime_init/runtime_init.c.o
                0x10002e3c                runtime_init_post_clock_resets
 .text.runtime_init_rp2040_gpio_ie_disable
                0x10002e5c       0x14 CMakeFiles/pico_ble_keyboard.dir/Users/talha/pico/pico-sdk/src/rp2_common/pico_runtime_init/runtime_init.c.o
                0x10002e5c                runtime_init_rp2040_gpio_ie_disable
 .text.runtime_init_spin_locks_reset
                0x10002e70        0x8 CMakeFiles/pico_ble_keyboard.dir/Users/talha/pico/pico-sdk/src/rp2_common/pico_runtime_init/runtime_init.c.o
                0x10002e70                runtime_init_spin_locks_reset
 .text.runtime_init_install_ram_vector_table
                0x10002e78       0xb8 CMakeFiles/pico_ble_keyboard.dir/Users/talha/pico/pico-sdk/src/rp2_common/pico_runtime_init/runtime_init.c.o
                0x10002e78                runtime_init_install_ram_vector_table
 .text.runtime_init_clocks
                0x10002f30       0xd8 CMakeFiles/pico_ble_keyboard.dir/Users/talha/pico/pico-sdk/src/rp2_common/pico_runtime_init/runtime_init_clocks.c.o
                0x10002f30                runtime_init_clocks
 .text          0x10003008       0x10 CMakeFiles/pico_ble_keyboard.dir/Users/talha/pico/pico-sdk/src/rp2_common/pico_bit_ops/bit_ops_aeabi.S.o
 .text.ctzsi    0x10003018        0xc CMakeFiles/pico_ble_keyboard.dir/Users/talha/pico/pico-sdk/src/rp2_common/pico_bit_ops/bit_ops_aeabi.S.o
                0x10003018                __wrap___ctzsi2
 .text.__wrap___aeabi_idiv
                0x10003024       0x50 CMakeFiles/pico_ble_keyboard.dir/Users/talha/pico/pico-sdk/src/rp2_common/pico_divider/divider_hardware.S.o
                0x10003024                __wrap___aeabi_idivmod
                0x10003024                divmod_s32s32
                0x10003024                div_s32s32
                0x10003024                __wrap___aeabi_idiv
                0x1000302c                divmod_s32s32_unsafe
                0x10003058                divmod_s32s32_savestate
 .text.__wrap___aeabi_uidiv
                0x10003074       0x4c CMakeFiles/pico_ble_keyboard.dir/Users/talha/pico/pico-sdk/src/rp2_common/pico_divider/divider_hardware.S.o
                0x10003074                __wrap___aeabi_uidiv
                0x10003074                __wrap___aeabi_uidivmod
                0x10003074                div_u32u32
                0x10003074                divmod_u32u32
                0x1000307c                divmod_u32u32_unsafe
                0x100030a4                divmod_u32u32_savestate
 .text.__wrap___aeabi_ldiv
                0x100030c0      0x424 CMakeFiles/pico_ble_keyboard.dir/Users/talha/pico/pico-sdk/src/rp2_common/pico_divider/divider_hardware.S.o
                0x100030c0                __wrap___aeabi_ldivmod
                0x100030c0                div_s64s64
                0x100030c0                divmod_s64s64
                0x100030f0                divmod_u64u64
                0x100030f0                div_u64u64
                0x100030f0                __wrap___aeabi_uldivmod
                0x10003100                divmod_u64u64_savestate
                0x10003120                divmod_s64s64_unsafe
                0x100031a8                divmod_u64u64_unsafe
 .text.__wrap___aeabi_darithmetic
                0x100034e4       0x60 CMakeFiles/pico_ble_keyboard.dir/Users/talha/pico/pico-sdk/src/rp2_common/pico_double/double_aeabi_rp2040.S.o
                0x100034e4                __wrap___aeabi_drsub
                0x100034ea                __wrap___aeabi_dsub
                0x100034f4                __wrap___aeabi_dadd
                0x100034fe                __wrap___aeabi_ddiv
                0x10003532                __wrap___aeabi_dmul
 .text.__wrap___aeabi_cdcmple
                0x10003544       0x6c CMakeFiles/pico_ble_keyboard.dir/Users/talha/pico/pico-sdk/src/rp2_common/pico_double/double_aeabi_rp2040.S.o
                0x10003544                __wrap___aeabi_cdrcmple
                0x10003554                __wrap___aeabi_cdcmple
                0x10003554                __wrap___aeabi_cdcmpeq
 .text.__wrap___aeabi_dcmplt
                0x100035b0        0xc CMakeFiles/pico_ble_keyboard.dir/Users/talha/pico/pico-sdk/src/rp2_common/pico_double/double_aeabi_rp2040.S.o
                0x100035b0                __wrap___aeabi_dcmplt
 .text.__wrap___aeabi_dcmple
                0x100035bc       0x10 CMakeFiles/pico_ble_keyboard.dir/Users/talha/pico/pico-sdk/src/rp2_common/pico_double/double_aeabi_rp2040.S.o
                0x100035bc                __wrap___aeabi_dcmple
 .text.__wrap___aeabi_dcmpge
                0x100035cc       0x10 CMakeFiles/pico_ble_keyboard.dir/Users/talha/pico/pico-sdk/src/rp2_common/pico_double/double_aeabi_rp2040.S.o
                0x100035cc                __wrap___aeabi_dcmpge
 .text.__wrap___aeabi_dcmpgt
                0x100035dc        0xa CMakeFiles/pico_ble_keyboard.dir/Users/talha/pico/pico-sdk/src/rp2_common/pico_double/double_aeabi_rp2040.S.o
                0x100035dc                __wrap___aeabi_dcmpgt
 .text.__wrap___aeabi_dcmpun
                0x100035e6       0x18 CMakeFiles/pico_ble_keyboard.dir/Users/talha/pico/pico-sdk/src/rp2_common/pico_double/double_aeabi_rp2040.S.o
                0x100035e6                __wrap___aeabi_dcmpun
 *fill*         0x100035fe        0x2 
 .text.__wrap___aeabi_i2d
                0x10003600       0x38 CMakeFiles/pico_ble_keyboard.dir/Users/talha/pico/pico-sdk/src/rp2_common/pico_double/double_aeabi_rp2040.S.o
                0x10003600                __wrap___aeabi_ui2d
                0x10003600                uint2double
                0x10003608                __wrap___aeabi_i2d
                0x10003608                int2double
 .text.__wrap___aeabi_d2iz
                0x10003638       0x48 CMakeFiles/pico_ble_keyboard.dir/Users/talha/pico/pico-sdk/src/rp2_common/pico_double/double_aeabi_rp2040.S.o
                0x10003638                __wrap___aeabi_d2iz
                0x10003638                double2int_z
 .text.__wrap___aeabi_d2uiz
                0x10003680       0x10 CMakeFiles/pico_ble_keyboard.dir/Users/talha/pico/pico-sdk/src/rp2_common/pico_double/double_aeabi_rp2040.S.o
                0x10003680                double2uint_z
                0x10003680                double2uint
                0x10003680                __wrap___aeabi_d2uiz
 .text.missing_double_func_shim
                0x10003690        0xc CMakeFiles/pico_ble_keyboard.dir/Users/talha/pico/pico-sdk/src/rp2_common/pico_double/double_init_rom_rp2040.c.o
 .text.__aeabi_double_init
                0x1000369c       0xa0 CMakeFiles/pico_ble_keyboard.dir/Users/talha/pico/pico-sdk/src/rp2_common/pico_double/double_init_rom_rp2040.c.o
                0x1000369c                __aeabi_double_init
 .text.double_table_shim_on_use_helper
                0x1000373c       0x2c CMakeFiles/pico_ble_keyboard.dir/Users/talha/pico/pico-sdk/src/rp2_common/pico_double/double_v1_rom_shim_rp2040.S.o
                0x1000373c                double_table_shim_on_use_helper
 .text.__aeabi_lmul
                0x10003768       0x32 CMakeFiles/pico_ble_keyboard.dir/Users/talha/pico/pico-sdk/src/rp2_common/pico_int64_ops/pico_int64_ops_aeabi.S.o
                0x10003768                __wrap___aeabi_lmul
 *fill*         0x1000379a        0x2 
 .text.missing_float_func_shim
                0x1000379c        0xc CMakeFiles/pico_ble_keyboard.dir/Users/talha/pico/pico-sdk/src/rp2_common/pico_float/float_init_rom_rp2040.c.o
 .text.__aeabi_float_init
                0x100037a8       0x60 CMakeFiles/pico_ble_keyboard.dir/Users/talha/pico/pico-sdk/src/rp2_common/pico_float/float_init_rom_rp2040.c.o
                0x100037a8                __aeabi_float_init
 .text.__wrap_malloc
                0x10003808       0x3c CMakeFiles/pico_ble_keyboard.dir/Users/talha/pico/pico-sdk/src/rp2_common/pico_malloc/malloc.c.o
                0x10003808                __wrap_malloc
 .text.__wrap_calloc
                0x10003844       0x44 CMakeFiles/pico_ble_keyboard.dir/Users/talha/pico/pico-sdk/src/rp2_common/pico_malloc/malloc.c.o
                0x10003844                __wrap_calloc
 .text.__wrap_free
                0x10003888       0x20 CMakeFiles/pico_ble_keyboard.dir/Users/talha/pico/pico-sdk/src/rp2_common/pico_malloc/malloc.c.o
                0x10003888                __wrap_free
 .text          0x100038a8       0x10 CMakeFiles/pico_ble_keyboard.dir/Users/talha/pico/pico-sdk/src/rp2_common/pico_mem_ops/mem_ops_aeabi.S.o
                0x100038a8                __aeabi_mem_init
 .text.memset   0x100038b8        0xc CMakeFiles/pico_ble_keyboard.dir/Users/talha/pico/pico-sdk/src/rp2_common/pico_mem_ops/mem_ops_aeabi.S.o
                0x100038b8                __wrap_memset
 .text.memcpy   0x100038c4        0xc CMakeFiles/pico_ble_keyboard.dir/Users/talha/pico/pico-sdk/src/rp2_common/pico_mem_ops/mem_ops_aeabi.S.o
                0x100038c4                __wrap___aeabi_memcpy
                0x100038c4                __wrap_memcpy
 .text._out_null
                0x100038d0        0x4 CMakeFiles/pico_ble_keyboard.dir/Users/talha/pico/pico-sdk/src/rp2_common/pico_printf/printf.c.o
 .text._out_rev
                0x100038d4       0xa8 CMakeFiles/pico_ble_keyboard.dir/Users/talha/pico/pico-sdk/src/rp2_common/pico_printf/printf.c.o
 .text._ntoa_format
                0x1000397c      0x1d8 CMakeFiles/pico_ble_keyboard.dir/Users/talha/pico/pico-sdk/src/rp2_common/pico_printf/printf.c.o
 .text._out_char
                0x10003b54       0x10 CMakeFiles/pico_ble_keyboard.dir/Users/talha/pico/pico-sdk/src/rp2_common/pico_printf/printf.c.o
 .text._out_fct
                0x10003b64       0x10 CMakeFiles/pico_ble_keyboard.dir/Users/talha/pico/pico-sdk/src/rp2_common/pico_printf/printf.c.o
 .text._ftoa    0x10003b74      0x474 CMakeFiles/pico_ble_keyboard.dir/Users/talha/pico/pico-sdk/src/rp2_common/pico_printf/printf.c.o
 .text._etoa    0x10003fe8      0x560 CMakeFiles/pico_ble_keyboard.dir/Users/talha/pico/pico-sdk/src/rp2_common/pico_printf/printf.c.o
 .text._vsnprintf
                0x10004548      0xab8 CMakeFiles/pico_ble_keyboard.dir/Users/talha/pico/pico-sdk/src/rp2_common/pico_printf/printf.c.o
 .text.vfctprintf
                0x10005000       0x20 CMakeFiles/pico_ble_keyboard.dir/Users/talha/pico/pico-sdk/src/rp2_common/pico_printf/printf.c.o
                0x10005000                vfctprintf
 .text.weak_raw_vprintf
                0x10005020       0x30 CMakeFiles/pico_ble_keyboard.dir/Users/talha/pico/pico-sdk/src/rp2_common/pico_printf/printf.c.o
                0x10005020                weak_raw_vprintf
 .text._exit    0x10005050        0x4 CMakeFiles/pico_ble_keyboard.dir/Users/talha/pico/pico-sdk/src/rp2_common/pico_clib_interface/newlib_interface.c.o
                0x10005050                _exit
 .text._sbrk    0x10005054       0x34 CMakeFiles/pico_ble_keyboard.dir/Users/talha/pico/pico-sdk/src/rp2_common/pico_clib_interface/newlib_interface.c.o
                0x10005054                _sbrk
 .text.exit     0x10005088        0x8 CMakeFiles/pico_ble_keyboard.dir/Users/talha/pico/pico-sdk/src/rp2_common/pico_clib_interface/newlib_interface.c.o
                0x10005088                exit
 .text.runtime_init
                0x10005090       0x2c CMakeFiles/pico_ble_keyboard.dir/Users/talha/pico/pico-sdk/src/rp2_common/pico_clib_interface/newlib_interface.c.o
                0x10005090                runtime_init
 .text.stdio_out_chars_no_crlf
                0x100050bc       0x10 CMakeFiles/pico_ble_keyboard.dir/Users/talha/pico/pico-sdk/src/rp2_common/pico_stdio/stdio.c.o
 .text.stdio_out_chars_crlf
                0x100050cc       0x90 CMakeFiles/pico_ble_keyboard.dir/Users/talha/pico/pico-sdk/src/rp2_common/pico_stdio/stdio.c.o
 .text.stdio_buffered_printer
                0x1000515c       0x64 CMakeFiles/pico_ble_keyboard.dir/Users/talha/pico/pico-sdk/src/rp2_common/pico_stdio/stdio.c.o
 .text.stdio_put_string
                0x100051c0       0xf4 CMakeFiles/pico_ble_keyboard.dir/Users/talha/pico/pico-sdk/src/rp2_common/pico_stdio/stdio.c.o
                0x100051c0                stdio_put_string
 .text.stdio_set_driver_enabled
                0x100052b4       0x30 CMakeFiles/pico_ble_keyboard.dir/Users/talha/pico/pico-sdk/src/rp2_common/pico_stdio/stdio.c.o
                0x100052b4                stdio_set_driver_enabled
 .text.stdio_init_all
                0x100052e4        0xc CMakeFiles/pico_ble_keyboard.dir/Users/talha/pico/pico-sdk/src/rp2_common/pico_stdio/stdio.c.o
                0x100052e4                stdio_init_all
 .text.__wrap_putchar
                0x100052f0       0x94 CMakeFiles/pico_ble_keyboard.dir/Users/talha/pico/pico-sdk/src/rp2_common/pico_stdio/stdio.c.o
                0x100052f0                stdio_putchar
                0x100052f0                __wrap_putchar
 .text.__wrap_puts
                0x10005384       0x3c CMakeFiles/pico_ble_keyboard.dir/Users/talha/pico/pico-sdk/src/rp2_common/pico_stdio/stdio.c.o
                0x10005384                __wrap_puts
                0x10005384                stdio_puts
 .text.__wrap_vprintf
                0x100053c0       0xc8 CMakeFiles/pico_ble_keyboard.dir/Users/talha/pico/pico-sdk/src/rp2_common/pico_stdio/stdio.c.o
                0x100053c0                __wrap_vprintf
                0x100053c0                stdio_vprintf
 .text.__wrap_printf
                0x10005488       0x18 CMakeFiles/pico_ble_keyboard.dir/Users/talha/pico/pico-sdk/src/rp2_common/pico_stdio/stdio.c.o
                0x10005488                stdio_printf
                0x10005488                __wrap_printf
 .text.stdio_uart_out_chars
                0x100054a0       0x4c CMakeFiles/pico_ble_keyboard.dir/Users/talha/pico/pico-sdk/src/rp2_common/pico_stdio_uart/stdio_uart.c.o
 .text.stdio_uart_in_chars
                0x100054ec       0x8c CMakeFiles/pico_ble_keyboard.dir/Users/talha/pico/pico-sdk/src/rp2_common/pico_stdio_uart/stdio_uart.c.o
                0x100054ec                stdio_uart_in_chars
 .text.on_uart_rx
                0x10005578       0x28 CMakeFiles/pico_ble_keyboard.dir/Users/talha/pico/pico-sdk/src/rp2_common/pico_stdio_uart/stdio_uart.c.o
 .text.stdio_uart_out_flush
                0x100055a0       0x14 CMakeFiles/pico_ble_keyboard.dir/Users/talha/pico/pico-sdk/src/rp2_common/pico_stdio_uart/stdio_uart.c.o
 .text.stdio_uart_set_chars_available_callback
                0x100055b4       0x84 CMakeFiles/pico_ble_keyboard.dir/Users/talha/pico/pico-sdk/src/rp2_common/pico_stdio_uart/stdio_uart.c.o
 .text.stdio_uart_init
                0x10005638       0x50 CMakeFiles/pico_ble_keyboard.dir/Users/talha/pico/pico-sdk/src/rp2_common/pico_stdio_uart/stdio_uart.c.o
                0x10005638                stdio_uart_init
 .text.core1_trampoline
                0x10005688        0x4 CMakeFiles/pico_ble_keyboard.dir/Users/talha/pico/pico-sdk/src/rp2_common/pico_multicore/multicore.c.o
 .text.core1_wrapper
                0x1000568c        0xc CMakeFiles/pico_ble_keyboard.dir/Users/talha/pico/pico-sdk/src/rp2_common/pico_multicore/multicore.c.o
                0x1000568c                core1_wrapper
 .text.multicore_lockout_start_block_until.part.0
                0x10005698      0x12c CMakeFiles/pico_ble_keyboard.dir/Users/talha/pico/pico-sdk/src/rp2_common/pico_multicore/multicore.c.o
 .text.multicore_launch_core1_raw
                0x100057c4       0x88 CMakeFiles/pico_ble_keyboard.dir/Users/talha/pico/pico-sdk/src/rp2_common/pico_multicore/multicore.c.o
                0x100057c4                multicore_launch_core1_raw
 .text.multicore_launch_core1
                0x1000584c       0x5c CMakeFiles/pico_ble_keyboard.dir/Users/talha/pico/pico-sdk/src/rp2_common/pico_multicore/multicore.c.o
                0x1000584c                multicore_launch_core1
 .text.multicore_lockout_victim_init
                0x100058a8       0x4c CMakeFiles/pico_ble_keyboard.dir/Users/talha/pico/pico-sdk/src/rp2_common/pico_multicore/multicore.c.o
                0x100058a8                multicore_lockout_victim_init
 .text.multicore_lockout_start_timeout_us
                0x100058f4       0x54 CMakeFiles/pico_ble_keyboard.dir/Users/talha/pico/pico-sdk/src/rp2_common/pico_multicore/multicore.c.o
                0x100058f4                multicore_lockout_start_timeout_us
 .text.multicore_lockout_end_timeout_us
                0x10005948       0x48 CMakeFiles/pico_ble_keyboard.dir/Users/talha/pico/pico-sdk/src/rp2_common/pico_multicore/multicore.c.o
                0x10005948                multicore_lockout_end_timeout_us
 .text.multicore_lockout_victim_is_initialized
                0x10005990        0xc CMakeFiles/pico_ble_keyboard.dir/Users/talha/pico/pico-sdk/src/rp2_common/pico_multicore/multicore.c.o
                0x10005990                multicore_lockout_victim_is_initialized
 .text.hcd_rp2040_irq
                0x1000599c      0x2b0 CMakeFiles/pico_ble_keyboard.dir/Users/talha/pico/pico-sdk/lib/tinyusb/src/portable/raspberrypi/rp2040/hcd_rp2040.c.o
 .text.hcd_init
                0x10005c4c       0x54 CMakeFiles/pico_ble_keyboard.dir/Users/talha/pico/pico-sdk/lib/tinyusb/src/portable/raspberrypi/rp2040/hcd_rp2040.c.o
                0x10005c4c                hcd_init
 .text.hcd_port_reset
                0x10005ca0        0x4 CMakeFiles/pico_ble_keyboard.dir/Users/talha/pico/pico-sdk/lib/tinyusb/src/portable/raspberrypi/rp2040/hcd_rp2040.c.o
                0x10005ca0                hcd_port_reset
 .text.hcd_port_reset_end
                0x10005ca4        0x4 CMakeFiles/pico_ble_keyboard.dir/Users/talha/pico/pico-sdk/lib/tinyusb/src/portable/raspberrypi/rp2040/hcd_rp2040.c.o
                0x10005ca4                hcd_port_reset_end
 .text.hcd_port_connect_status
                0x10005ca8       0x18 CMakeFiles/pico_ble_keyboard.dir/Users/talha/pico/pico-sdk/lib/tinyusb/src/portable/raspberrypi/rp2040/hcd_rp2040.c.o
                0x10005ca8                hcd_port_connect_status
 .text.hcd_port_speed_get
                0x10005cc0       0x24 CMakeFiles/pico_ble_keyboard.dir/Users/talha/pico/pico-sdk/lib/tinyusb/src/portable/raspberrypi/rp2040/hcd_rp2040.c.o
                0x10005cc0                hcd_port_speed_get
 .text.hcd_device_close
                0x10005ce4       0x64 CMakeFiles/pico_ble_keyboard.dir/Users/talha/pico/pico-sdk/lib/tinyusb/src/portable/raspberrypi/rp2040/hcd_rp2040.c.o
                0x10005ce4                hcd_device_close
 .text.hcd_int_enable
                0x10005d48        0xc CMakeFiles/pico_ble_keyboard.dir/Users/talha/pico/pico-sdk/lib/tinyusb/src/portable/raspberrypi/rp2040/hcd_rp2040.c.o
                0x10005d48                hcd_int_enable
 .text.hcd_edpt_open
                0x10005d54      0x224 CMakeFiles/pico_ble_keyboard.dir/Users/talha/pico/pico-sdk/lib/tinyusb/src/portable/raspberrypi/rp2040/hcd_rp2040.c.o
                0x10005d54                hcd_edpt_open
 .text.hcd_edpt_xfer
                0x10005f78      0x364 CMakeFiles/pico_ble_keyboard.dir/Users/talha/pico/pico-sdk/lib/tinyusb/src/portable/raspberrypi/rp2040/hcd_rp2040.c.o
                0x10005f78                hcd_edpt_xfer
 .text.hcd_edpt_abort_xfer
                0x100062dc        0x4 CMakeFiles/pico_ble_keyboard.dir/Users/talha/pico/pico-sdk/lib/tinyusb/src/portable/raspberrypi/rp2040/hcd_rp2040.c.o
                0x100062dc                hcd_edpt_abort_xfer
 .text.hcd_setup_send
                0x100062e0       0xbc CMakeFiles/pico_ble_keyboard.dir/Users/talha/pico/pico-sdk/lib/tinyusb/src/portable/raspberrypi/rp2040/hcd_rp2040.c.o
                0x100062e0                hcd_setup_send
 .text.rp2040_usb_init
                0x1000639c       0x40 CMakeFiles/pico_ble_keyboard.dir/Users/talha/pico/pico-sdk/lib/tinyusb/src/portable/raspberrypi/rp2040/rp2040_usb.c.o
                0x1000639c                rp2040_usb_init
 .text.hw_endpoint_reset_transfer
                0x100063dc        0xc CMakeFiles/pico_ble_keyboard.dir/Users/talha/pico/pico-sdk/lib/tinyusb/src/portable/raspberrypi/rp2040/rp2040_usb.c.o
                0x100063dc                hw_endpoint_reset_transfer
 .text.hw_endpoint_start_next_buffer
                0x100063e8      0x200 CMakeFiles/pico_ble_keyboard.dir/Users/talha/pico/pico-sdk/lib/tinyusb/src/portable/raspberrypi/rp2040/rp2040_usb.c.o
                0x100063e8                hw_endpoint_start_next_buffer
 .text.hw_endpoint_xfer_start
                0x100065e8       0x14 CMakeFiles/pico_ble_keyboard.dir/Users/talha/pico/pico-sdk/lib/tinyusb/src/portable/raspberrypi/rp2040/rp2040_usb.c.o
                0x100065e8                hw_endpoint_xfer_start
 .text.hw_endpoint_xfer_continue
                0x100065fc      0x16c CMakeFiles/pico_ble_keyboard.dir/Users/talha/pico/pico-sdk/lib/tinyusb/src/portable/raspberrypi/rp2040/rp2040_usb.c.o
                0x100065fc                hw_endpoint_xfer_continue
 .text._control_blocking_complete_cb
                0x10006768        0x8 CMakeFiles/pico_ble_keyboard.dir/Users/talha/pico/pico-sdk/lib/tinyusb/src/host/usbh.c.o
 .text.process_removing_device
                0x10006770       0xe4 CMakeFiles/pico_ble_keyboard.dir/Users/talha/pico/pico-sdk/lib/tinyusb/src/host/usbh.c.o
 .text.usbh_control_xfer_cb.isra.0
                0x10006854      0x204 CMakeFiles/pico_ble_keyboard.dir/Users/talha/pico/pico-sdk/lib/tinyusb/src/host/usbh.c.o
 .text.tuh_event_hook_cb
                0x10006a58        0x4 CMakeFiles/pico_ble_keyboard.dir/Users/talha/pico/pico-sdk/lib/tinyusb/src/host/usbh.c.o
                0x10006a58                tuh_event_hook_cb
 .text.tuh_speed_get
                0x10006a5c       0x1c CMakeFiles/pico_ble_keyboard.dir/Users/talha/pico/pico-sdk/lib/tinyusb/src/host/usbh.c.o
                0x10006a5c                tuh_speed_get
 .text.tuh_rhport_init
                0x10006a78      0x11c CMakeFiles/pico_ble_keyboard.dir/Users/talha/pico/pico-sdk/lib/tinyusb/src/host/usbh.c.o
                0x10006a78                tuh_rhport_init
 .text.tuh_control_xfer
                0x10006b94      0x13c CMakeFiles/pico_ble_keyboard.dir/Users/talha/pico/pico-sdk/lib/tinyusb/src/host/usbh.c.o
                0x10006b94                tuh_control_xfer
 .text.enum_new_device.part.0
                0x10006cd0       0x8c CMakeFiles/pico_ble_keyboard.dir/Users/talha/pico/pico-sdk/lib/tinyusb/src/host/usbh.c.o
 .text.tuh_task_ext.part.0
                0x10006d5c      0x248 CMakeFiles/pico_ble_keyboard.dir/Users/talha/pico/pico-sdk/lib/tinyusb/src/host/usbh.c.o
 .text.tuh_task_ext
                0x10006fa4       0x18 CMakeFiles/pico_ble_keyboard.dir/Users/talha/pico/pico-sdk/lib/tinyusb/src/host/usbh.c.o
                0x10006fa4                tuh_task_ext
 .text.process_enumeration
                0x10006fbc      0x490 CMakeFiles/pico_ble_keyboard.dir/Users/talha/pico/pico-sdk/lib/tinyusb/src/host/usbh.c.o
 .text.usbh_get_enum_buf
                0x1000744c        0x8 CMakeFiles/pico_ble_keyboard.dir/Users/talha/pico/pico-sdk/lib/tinyusb/src/host/usbh.c.o
                0x1000744c                usbh_get_enum_buf
 .text.usbh_edpt_claim
                0x10007454       0x3c CMakeFiles/pico_ble_keyboard.dir/Users/talha/pico/pico-sdk/lib/tinyusb/src/host/usbh.c.o
                0x10007454                usbh_edpt_claim
 .text.usbh_edpt_release
                0x10007490       0x3c CMakeFiles/pico_ble_keyboard.dir/Users/talha/pico/pico-sdk/lib/tinyusb/src/host/usbh.c.o
                0x10007490                usbh_edpt_release
 .text.usbh_edpt_xfer_with_callback
                0x100074cc       0x58 CMakeFiles/pico_ble_keyboard.dir/Users/talha/pico/pico-sdk/lib/tinyusb/src/host/usbh.c.o
                0x100074cc                usbh_edpt_xfer_with_callback
 .text.tuh_edpt_open
                0x10007524       0x40 CMakeFiles/pico_ble_keyboard.dir/Users/talha/pico/pico-sdk/lib/tinyusb/src/host/usbh.c.o
                0x10007524                tuh_edpt_open
 .text.tuh_descriptor_get_hid_report
                0x10007564      0x148 CMakeFiles/pico_ble_keyboard.dir/Users/talha/pico/pico-sdk/lib/tinyusb/src/host/usbh.c.o
                0x10007564                tuh_descriptor_get_hid_report
 .text.usbh_driver_set_config_complete
                0x100076ac      0x16c CMakeFiles/pico_ble_keyboard.dir/Users/talha/pico/pico-sdk/lib/tinyusb/src/host/usbh.c.o
                0x100076ac                usbh_driver_set_config_complete
 .text.process_set_config
                0x10007818      0x1c8 CMakeFiles/pico_ble_keyboard.dir/Users/talha/pico/pico-sdk/lib/tinyusb/src/class/hid/hid_host.c.o
 .text.tuh_hid_interface_protocol
                0x100079e0       0x2c CMakeFiles/pico_ble_keyboard.dir/Users/talha/pico/pico-sdk/lib/tinyusb/src/class/hid/hid_host.c.o
                0x100079e0                tuh_hid_interface_protocol
 .text.tuh_hid_receive_report
                0x10007a0c       0x5c CMakeFiles/pico_ble_keyboard.dir/Users/talha/pico/pico-sdk/lib/tinyusb/src/class/hid/hid_host.c.o
                0x10007a0c                tuh_hid_receive_report
 .text.hidh_init
                0x10007a68       0x14 CMakeFiles/pico_ble_keyboard.dir/Users/talha/pico/pico-sdk/lib/tinyusb/src/class/hid/hid_host.c.o
                0x10007a68                hidh_init
 .text.hidh_deinit
                0x10007a7c        0x4 CMakeFiles/pico_ble_keyboard.dir/Users/talha/pico/pico-sdk/lib/tinyusb/src/class/hid/hid_host.c.o
                0x10007a7c                hidh_deinit
 .text.hidh_xfer_cb
                0x10007a80       0xc4 CMakeFiles/pico_ble_keyboard.dir/Users/talha/pico/pico-sdk/lib/tinyusb/src/class/hid/hid_host.c.o
                0x10007a80                hidh_xfer_cb
 .text.hidh_close
                0x10007b44       0xac CMakeFiles/pico_ble_keyboard.dir/Users/talha/pico/pico-sdk/lib/tinyusb/src/class/hid/hid_host.c.o
                0x10007b44                hidh_close
 .text.hidh_open
                0x10007bf0      0x11c CMakeFiles/pico_ble_keyboard.dir/Users/talha/pico/pico-sdk/lib/tinyusb/src/class/hid/hid_host.c.o
                0x10007bf0                hidh_open
 .text.hidh_set_config
                0x10007d0c       0x9c CMakeFiles/pico_ble_keyboard.dir/Users/talha/pico/pico-sdk/lib/tinyusb/src/class/hid/hid_host.c.o
                0x10007d0c                hidh_set_config
 .text.tusb_time_delay_ms_api
                0x10007da8        0x8 CMakeFiles/pico_ble_keyboard.dir/Users/talha/pico/pico-sdk/lib/tinyusb/src/tusb.c.o
                0x10007da8                tusb_time_delay_ms_api
 .text.tu_edpt_claim
                0x10007db0       0x50 CMakeFiles/pico_ble_keyboard.dir/Users/talha/pico/pico-sdk/lib/tinyusb/src/tusb.c.o
                0x10007db0                tu_edpt_claim
 .text.tu_edpt_release
                0x10007e00       0x38 CMakeFiles/pico_ble_keyboard.dir/Users/talha/pico/pico-sdk/lib/tinyusb/src/tusb.c.o
                0x10007e00                tu_edpt_release
 .text.tu_edpt_validate
                0x10007e38       0x74 CMakeFiles/pico_ble_keyboard.dir/Users/talha/pico/pico-sdk/lib/tinyusb/src/tusb.c.o
                0x10007e38                tu_edpt_validate
 .text.tu_edpt_bind_driver
                0x10007eac       0x34 CMakeFiles/pico_ble_keyboard.dir/Users/talha/pico/pico-sdk/lib/tinyusb/src/tusb.c.o
                0x10007eac                tu_edpt_bind_driver
 .text.tu_desc_get_interface_total_len
                0x10007ee0       0x50 CMakeFiles/pico_ble_keyboard.dir/Users/talha/pico/pico-sdk/lib/tinyusb/src/tusb.c.o
                0x10007ee0                tu_desc_get_interface_total_len
 .text.tu_fifo_empty
                0x10007f30       0x10 CMakeFiles/pico_ble_keyboard.dir/Users/talha/pico/pico-sdk/lib/tinyusb/src/common/tusb_fifo.c.o
                0x10007f30                tu_fifo_empty
 .text.tu_fifo_read
                0x10007f40       0x9c CMakeFiles/pico_ble_keyboard.dir/Users/talha/pico/pico-sdk/lib/tinyusb/src/common/tusb_fifo.c.o
                0x10007f40                tu_fifo_read
 .text.tu_fifo_write
                0x10007fdc       0xa4 CMakeFiles/pico_ble_keyboard.dir/Users/talha/pico/pico-sdk/lib/tinyusb/src/common/tusb_fifo.c.o
                0x10007fdc                tu_fifo_write
 .text.tu_fifo_clear
                0x10008080       0x40 CMakeFiles/pico_ble_keyboard.dir/Users/talha/pico/pico-sdk/lib/tinyusb/src/common/tusb_fifo.c.o
                0x10008080                tu_fifo_clear
 .text.startup._retrieve_unique_id_on_boot
                0x100080c0       0x10 CMakeFiles/pico_ble_keyboard.dir/Users/talha/pico/pico-sdk/src/rp2_common/pico_unique_id/unique_id.c.o
 .text.pico_get_unique_board_id
                0x100080d0       0x10 CMakeFiles/pico_ble_keyboard.dir/Users/talha/pico/pico-sdk/src/rp2_common/pico_unique_id/unique_id.c.o
                0x100080d0                pico_get_unique_board_id
 .text.flash_get_unique_id
                0x100080e0       0x3c CMakeFiles/pico_ble_keyboard.dir/Users/talha/pico/pico-sdk/src/rp2_common/hardware_flash/flash.c.o
                0x100080e0                flash_get_unique_id
 .text.cyw43_arch_set_async_context
                0x1000811c        0xc CMakeFiles/pico_ble_keyboard.dir/Users/talha/pico/pico-sdk/src/rp2_common/pico_cyw43_arch/cyw43_arch.c.o
                0x1000811c                cyw43_arch_set_async_context
 .text.cyw43_arch_gpio_put
                0x10008128       0x14 CMakeFiles/pico_ble_keyboard.dir/Users/talha/pico/pico-sdk/src/rp2_common/pico_cyw43_arch/cyw43_arch.c.o
                0x10008128                cyw43_arch_gpio_put
 .text.cyw43_arch_async_context
                0x1000813c        0xc CMakeFiles/pico_ble_keyboard.dir/Users/talha/pico/pico-sdk/src/rp2_common/pico_cyw43_arch/cyw43_arch.c.o
                0x1000813c                cyw43_arch_async_context
 .text.cyw43_arch_init
                0x10008148       0x74 CMakeFiles/pico_ble_keyboard.dir/Users/talha/pico/pico-sdk/src/rp2_common/pico_cyw43_arch/cyw43_arch_threadsafe_background.c.o
                0x10008148                cyw43_arch_init
 .text.ns_delay.constprop.0
                0x100081bc       0x20 CMakeFiles/pico_ble_keyboard.dir/Users/talha/pico/pico-sdk/src/rp2_common/pico_cyw43_driver/cyw43_bus_pio_spi.c.o
 .text.cyw43_spi_deinit
                0x100081dc       0x6c CMakeFiles/pico_ble_keyboard.dir/Users/talha/pico/pico-sdk/src/rp2_common/pico_cyw43_driver/cyw43_bus_pio_spi.c.o
                0x100081dc                cyw43_spi_deinit
 .text.cyw43_spi_init
                0x10008248      0x128 CMakeFiles/pico_ble_keyboard.dir/Users/talha/pico/pico-sdk/src/rp2_common/pico_cyw43_driver/cyw43_bus_pio_spi.c.o
                0x10008248                cyw43_spi_init
 .text.cyw43_spi_transfer
                0x10008370      0x41c CMakeFiles/pico_ble_keyboard.dir/Users/talha/pico/pico-sdk/src/rp2_common/pico_cyw43_driver/cyw43_bus_pio_spi.c.o
                0x10008370                cyw43_spi_transfer
 .text.cyw43_spi_gpio_setup
                0x1000878c       0x3c CMakeFiles/pico_ble_keyboard.dir/Users/talha/pico/pico-sdk/src/rp2_common/pico_cyw43_driver/cyw43_bus_pio_spi.c.o
                0x1000878c                cyw43_spi_gpio_setup
 .text.cyw43_spi_reset
                0x100087c8       0x28 CMakeFiles/pico_ble_keyboard.dir/Users/talha/pico/pico-sdk/src/rp2_common/pico_cyw43_driver/cyw43_bus_pio_spi.c.o
                0x100087c8                cyw43_spi_reset
 .text.read_reg_u32_swap
                0x100087f0       0x44 CMakeFiles/pico_ble_keyboard.dir/Users/talha/pico/pico-sdk/src/rp2_common/pico_cyw43_driver/cyw43_bus_pio_spi.c.o
                0x100087f0                read_reg_u32_swap
 .text.cyw43_read_reg_u32
                0x10008834       0x54 CMakeFiles/pico_ble_keyboard.dir/Users/talha/pico/pico-sdk/src/rp2_common/pico_cyw43_driver/cyw43_bus_pio_spi.c.o
                0x10008834                cyw43_read_reg_u32
 .text.cyw43_read_reg_u16
                0x10008888       0x54 CMakeFiles/pico_ble_keyboard.dir/Users/talha/pico/pico-sdk/src/rp2_common/pico_cyw43_driver/cyw43_bus_pio_spi.c.o
                0x10008888                cyw43_read_reg_u16
 .text.cyw43_read_reg_u8
                0x100088dc       0x54 CMakeFiles/pico_ble_keyboard.dir/Users/talha/pico/pico-sdk/src/rp2_common/pico_cyw43_driver/cyw43_bus_pio_spi.c.o
                0x100088dc                cyw43_read_reg_u8
 .text.write_reg_u32_swap
                0x10008930      0x1f8 CMakeFiles/pico_ble_keyboard.dir/Users/talha/pico/pico-sdk/src/rp2_common/pico_cyw43_driver/cyw43_bus_pio_spi.c.o
                0x10008930                write_reg_u32_swap
 .text.cyw43_write_reg_u32
                0x10008b28      0x1f4 CMakeFiles/pico_ble_keyboard.dir/Users/talha/pico/pico-sdk/src/rp2_common/pico_cyw43_driver/cyw43_bus_pio_spi.c.o
                0x10008b28                cyw43_write_reg_u32
 .text.cyw43_write_reg_u16
                0x10008d1c      0x1f4 CMakeFiles/pico_ble_keyboard.dir/Users/talha/pico/pico-sdk/src/rp2_common/pico_cyw43_driver/cyw43_bus_pio_spi.c.o
                0x10008d1c                cyw43_write_reg_u16
 .text.cyw43_write_reg_u8
                0x10008f10      0x1f4 CMakeFiles/pico_ble_keyboard.dir/Users/talha/pico/pico-sdk/src/rp2_common/pico_cyw43_driver/cyw43_bus_pio_spi.c.o
                0x10008f10                cyw43_write_reg_u8
 .text.cyw43_read_bytes
                0x10009104       0x80 CMakeFiles/pico_ble_keyboard.dir/Users/talha/pico/pico-sdk/src/rp2_common/pico_cyw43_driver/cyw43_bus_pio_spi.c.o
                0x10009104                cyw43_read_bytes
 .text.cyw43_write_bytes
                0x10009184       0xb4 CMakeFiles/pico_ble_keyboard.dir/Users/talha/pico/pico-sdk/src/rp2_common/pico_cyw43_driver/cyw43_bus_pio_spi.c.o
                0x10009184                cyw43_write_bytes
 .text.cyw43_set_backplane_window
                0x10009238       0x68 CMakeFiles/pico_ble_keyboard.dir/Users/talha/pico/pico-sdk/lib/cyw43-driver/src/cyw43_ll.c.o
 .text.cyw43_ll_parse_async_event
                0x100092a0      0x12c CMakeFiles/pico_ble_keyboard.dir/Users/talha/pico/pico-sdk/lib/cyw43-driver/src/cyw43_ll.c.o
 .text.cyw43_kso_set
                0x100093cc       0x80 CMakeFiles/pico_ble_keyboard.dir/Users/talha/pico/pico-sdk/lib/cyw43-driver/src/cyw43_ll.c.o
 .text.cyw43_ll_sdpcm_poll_device
                0x1000944c      0x230 CMakeFiles/pico_ble_keyboard.dir/Users/talha/pico/pico-sdk/lib/cyw43-driver/src/cyw43_ll.c.o
 .text.cyw43_sdpcm_send_common
                0x1000967c       0xf4 CMakeFiles/pico_ble_keyboard.dir/Users/talha/pico/pico-sdk/lib/cyw43-driver/src/cyw43_ll.c.o
 .text.cyw43_do_ioctl.part.0
                0x10009770       0xc4 CMakeFiles/pico_ble_keyboard.dir/Users/talha/pico/pico-sdk/lib/cyw43-driver/src/cyw43_ll.c.o
 .text.cyw43_write_iovar_u32.constprop.0
                0x10009834       0x9c CMakeFiles/pico_ble_keyboard.dir/Users/talha/pico/pico-sdk/lib/cyw43-driver/src/cyw43_ll.c.o
 .text.cyw43_write_iovar_n
                0x100098d0       0x8c CMakeFiles/pico_ble_keyboard.dir/Users/talha/pico/pico-sdk/lib/cyw43-driver/src/cyw43_ll.c.o
 .text.cyw43_read_backplane.constprop.0
                0x1000995c       0xe4 CMakeFiles/pico_ble_keyboard.dir/Users/talha/pico/pico-sdk/lib/cyw43-driver/src/cyw43_ll.c.o
 .text.cyw43_write_backplane
                0x10009a40      0x104 CMakeFiles/pico_ble_keyboard.dir/Users/talha/pico/pico-sdk/lib/cyw43-driver/src/cyw43_ll.c.o
 .text.reset_device_core.constprop.0
                0x10009b44      0x408 CMakeFiles/pico_ble_keyboard.dir/Users/talha/pico/pico-sdk/lib/cyw43-driver/src/cyw43_ll.c.o
 .text.cyw43_ll_init
                0x10009f4c       0x1c CMakeFiles/pico_ble_keyboard.dir/Users/talha/pico/pico-sdk/lib/cyw43-driver/src/cyw43_ll.c.o
                0x10009f4c                cyw43_ll_init
 .text.cyw43_ll_deinit
                0x10009f68        0x8 CMakeFiles/pico_ble_keyboard.dir/Users/talha/pico/pico-sdk/lib/cyw43-driver/src/cyw43_ll.c.o
                0x10009f68                cyw43_ll_deinit
 .text.cyw43_ll_process_packets
                0x10009f70       0x54 CMakeFiles/pico_ble_keyboard.dir/Users/talha/pico/pico-sdk/lib/cyw43-driver/src/cyw43_ll.c.o
                0x10009f70                cyw43_ll_process_packets
 .text.cyw43_ll_ioctl
                0x10009fc4       0x7c CMakeFiles/pico_ble_keyboard.dir/Users/talha/pico/pico-sdk/lib/cyw43-driver/src/cyw43_ll.c.o
                0x10009fc4                cyw43_ll_ioctl
 .text.cyw43_ll_bus_sleep
                0x1000a040       0x34 CMakeFiles/pico_ble_keyboard.dir/Users/talha/pico/pico-sdk/lib/cyw43-driver/src/cyw43_ll.c.o
                0x1000a040                cyw43_ll_bus_sleep
 .text.cyw43_ll_wifi_get_mac
                0x1000a074       0x74 CMakeFiles/pico_ble_keyboard.dir/Users/talha/pico/pico-sdk/lib/cyw43-driver/src/cyw43_ll.c.o
                0x1000a074                cyw43_ll_wifi_get_mac
 .text.cyw43_ll_bus_init
                0x1000a0e8      0x8ac CMakeFiles/pico_ble_keyboard.dir/Users/talha/pico/pico-sdk/lib/cyw43-driver/src/cyw43_ll.c.o
                0x1000a0e8                cyw43_ll_bus_init
 .text.cyw43_ll_wifi_set_wpa_auth
                0x1000a994       0x48 CMakeFiles/pico_ble_keyboard.dir/Users/talha/pico/pico-sdk/lib/cyw43-driver/src/cyw43_ll.c.o
                0x1000a994                cyw43_ll_wifi_set_wpa_auth
 .text.cyw43_ll_wifi_rejoin
                0x1000a9dc       0x58 CMakeFiles/pico_ble_keyboard.dir/Users/talha/pico/pico-sdk/lib/cyw43-driver/src/cyw43_ll.c.o
                0x1000a9dc                cyw43_ll_wifi_rejoin
 .text.cyw43_ll_gpio_set
                0x1000aa34       0x90 CMakeFiles/pico_ble_keyboard.dir/Users/talha/pico/pico-sdk/lib/cyw43-driver/src/cyw43_ll.c.o
                0x1000aa34                cyw43_ll_gpio_set
 .text.cyw43_ll_has_work
                0x1000aac4       0x14 CMakeFiles/pico_ble_keyboard.dir/Users/talha/pico/pico-sdk/lib/cyw43-driver/src/cyw43_ll.c.o
                0x1000aac4                cyw43_ll_has_work
 .text.cyw43_ll_bt_has_work
                0x1000aad8      0x170 CMakeFiles/pico_ble_keyboard.dir/Users/talha/pico/pico-sdk/lib/cyw43-driver/src/cyw43_ll.c.o
                0x1000aad8                cyw43_ll_bt_has_work
 .text.cyw43_ll_write_backplane_reg
                0x1000ac48       0xe4 CMakeFiles/pico_ble_keyboard.dir/Users/talha/pico/pico-sdk/lib/cyw43-driver/src/cyw43_ll.c.o
                0x1000ac48                cyw43_ll_write_backplane_reg
 .text.cyw43_ll_read_backplane_reg
                0x1000ad2c       0xe4 CMakeFiles/pico_ble_keyboard.dir/Users/talha/pico/pico-sdk/lib/cyw43-driver/src/cyw43_ll.c.o
                0x1000ad2c                cyw43_ll_read_backplane_reg
 .text.cyw43_ll_write_backplane_mem
                0x1000ae10      0x164 CMakeFiles/pico_ble_keyboard.dir/Users/talha/pico/pico-sdk/lib/cyw43-driver/src/cyw43_ll.c.o
                0x1000ae10                cyw43_ll_write_backplane_mem
 .text.cyw43_ll_read_backplane_mem
                0x1000af74       0xfc CMakeFiles/pico_ble_keyboard.dir/Users/talha/pico/pico-sdk/lib/cyw43-driver/src/cyw43_ll.c.o
                0x1000af74                cyw43_ll_read_backplane_mem
 .text.cyw43_poll_func
                0x1000b070       0xbc CMakeFiles/pico_ble_keyboard.dir/Users/talha/pico/pico-sdk/lib/cyw43-driver/src/cyw43_ctrl.c.o
 .text.cyw43_init
                0x1000b12c       0x74 CMakeFiles/pico_ble_keyboard.dir/Users/talha/pico/pico-sdk/lib/cyw43-driver/src/cyw43_ctrl.c.o
                0x1000b12c                cyw43_init
 .text.cyw43_deinit
                0x1000b1a0       0x98 CMakeFiles/pico_ble_keyboard.dir/Users/talha/pico/pico-sdk/lib/cyw43-driver/src/cyw43_ctrl.c.o
                0x1000b1a0                cyw43_deinit
 .text.cyw43_cb_read_host_interrupt_pin
                0x1000b238        0xc CMakeFiles/pico_ble_keyboard.dir/Users/talha/pico/pico-sdk/lib/cyw43-driver/src/cyw43_ctrl.c.o
                0x1000b238                cyw43_cb_read_host_interrupt_pin
 .text.cyw43_cb_ensure_awake
                0x1000b244        0xc CMakeFiles/pico_ble_keyboard.dir/Users/talha/pico/pico-sdk/lib/cyw43-driver/src/cyw43_ctrl.c.o
                0x1000b244                cyw43_cb_ensure_awake
 .text.cyw43_cb_process_async_event
                0x1000b250      0x218 CMakeFiles/pico_ble_keyboard.dir/Users/talha/pico/pico-sdk/lib/cyw43-driver/src/cyw43_ctrl.c.o
                0x1000b250                cyw43_cb_process_async_event
 .text.cyw43_gpio_set
                0x1000b468       0xa0 CMakeFiles/pico_ble_keyboard.dir/Users/talha/pico/pico-sdk/lib/cyw43-driver/src/cyw43_ctrl.c.o
                0x1000b468                cyw43_gpio_set
 .text.cyw43_bluetooth_hci_init
                0x1000b508       0xac CMakeFiles/pico_ble_keyboard.dir/Users/talha/pico/pico-sdk/lib/cyw43-driver/src/cyw43_ctrl.c.o
                0x1000b508                cyw43_bluetooth_hci_init
 .text.cyw43_bluetooth_hci_read
                0x1000b5b4       0xe0 CMakeFiles/pico_ble_keyboard.dir/Users/talha/pico/pico-sdk/lib/cyw43-driver/src/cyw43_ctrl.c.o
                0x1000b5b4                cyw43_bluetooth_hci_read
 .text.cyw43_bluetooth_hci_write
                0x1000b694       0xd8 CMakeFiles/pico_ble_keyboard.dir/Users/talha/pico/pico-sdk/lib/cyw43-driver/src/cyw43_ctrl.c.o
                0x1000b694                cyw43_bluetooth_hci_write
 .text.cybt_hci_read
                0x1000b76c      0x114 CMakeFiles/pico_ble_keyboard.dir/Users/talha/pico/pico-sdk/src/rp2_common/pico_cyw43_driver/cybt_shared_bus/cybt_shared_bus.c.o
 .text.cyw43_btbus_init
                0x1000b880       0xac CMakeFiles/pico_ble_keyboard.dir/Users/talha/pico/pico-sdk/src/rp2_common/pico_cyw43_driver/cybt_shared_bus/cybt_shared_bus.c.o
                0x1000b880                cyw43_btbus_init
 .text.cyw43_btbus_write
                0x1000b92c       0xd8 CMakeFiles/pico_ble_keyboard.dir/Users/talha/pico/pico-sdk/src/rp2_common/pico_cyw43_driver/cybt_shared_bus/cybt_shared_bus.c.o
                0x1000b92c                cyw43_btbus_write
 .text.cyw43_btbus_read
                0x1000ba04       0xa0 CMakeFiles/pico_ble_keyboard.dir/Users/talha/pico/pico-sdk/src/rp2_common/pico_cyw43_driver/cybt_shared_bus/cybt_shared_bus.c.o
                0x1000ba04                cyw43_btbus_read
 .text.cybt_fw_download
                0x1000baa4      0x348 CMakeFiles/pico_ble_keyboard.dir/Users/talha/pico/pico-sdk/src/rp2_common/pico_cyw43_driver/cybt_shared_bus/cybt_shared_bus_driver.c.o
                0x1000baa4                cybt_fw_download
 .text.cybt_set_host_ready
                0x1000bdec       0x2c CMakeFiles/pico_ble_keyboard.dir/Users/talha/pico/pico-sdk/src/rp2_common/pico_cyw43_driver/cybt_shared_bus/cybt_shared_bus_driver.c.o
                0x1000bdec                cybt_set_host_ready
 .text.cybt_ready
                0x1000be18       0x1c CMakeFiles/pico_ble_keyboard.dir/Users/talha/pico/pico-sdk/src/rp2_common/pico_cyw43_driver/cybt_shared_bus/cybt_shared_bus_driver.c.o
                0x1000be18                cybt_ready
 .text.cybt_awake
                0x1000be34       0x1c CMakeFiles/pico_ble_keyboard.dir/Users/talha/pico/pico-sdk/src/rp2_common/pico_cyw43_driver/cybt_shared_bus/cybt_shared_bus_driver.c.o
                0x1000be34                cybt_awake
 .text.cybt_set_bt_awake
                0x1000be50       0x3c CMakeFiles/pico_ble_keyboard.dir/Users/talha/pico/pico-sdk/src/rp2_common/pico_cyw43_driver/cybt_shared_bus/cybt_shared_bus_driver.c.o
                0x1000be50                cybt_set_bt_awake
 .text.cybt_debug_dump
                0x1000be8c       0x88 CMakeFiles/pico_ble_keyboard.dir/Users/talha/pico/pico-sdk/src/rp2_common/pico_cyw43_driver/cybt_shared_bus/cybt_shared_bus_driver.c.o
                0x1000be8c                cybt_debug_dump
 .text.cybt_toggle_bt_intr
                0x1000bf14       0x40 CMakeFiles/pico_ble_keyboard.dir/Users/talha/pico/pico-sdk/src/rp2_common/pico_cyw43_driver/cybt_shared_bus/cybt_shared_bus_driver.c.o
                0x1000bf14                cybt_toggle_bt_intr
 .text.cybt_get_bt_buf_index
                0x1000bf54       0x9c CMakeFiles/pico_ble_keyboard.dir/Users/talha/pico/pico-sdk/src/rp2_common/pico_cyw43_driver/cybt_shared_bus/cybt_shared_bus_driver.c.o
                0x1000bf54                cybt_get_bt_buf_index
 .text.cybt_reg_write_idx
                0x1000bff0       0x58 CMakeFiles/pico_ble_keyboard.dir/Users/talha/pico/pico-sdk/src/rp2_common/pico_cyw43_driver/cybt_shared_bus/cybt_shared_bus_driver.c.o
                0x1000bff0                cybt_reg_write_idx
 .text.cybt_mem_write_idx
                0x1000c048       0x6c CMakeFiles/pico_ble_keyboard.dir/Users/talha/pico/pico-sdk/src/rp2_common/pico_cyw43_driver/cybt_shared_bus/cybt_shared_bus_driver.c.o
                0x1000c048                cybt_mem_write_idx
 .text.cybt_mem_read_idx
                0x1000c0b4       0x68 CMakeFiles/pico_ble_keyboard.dir/Users/talha/pico/pico-sdk/src/rp2_common/pico_cyw43_driver/cybt_shared_bus/cybt_shared_bus_driver.c.o
                0x1000c0b4                cybt_mem_read_idx
 .text.cybt_init_buffer
                0x1000c11c       0xbc CMakeFiles/pico_ble_keyboard.dir/Users/talha/pico/pico-sdk/src/rp2_common/pico_cyw43_driver/cybt_shared_bus/cybt_shared_bus_driver.c.o
                0x1000c11c                cybt_init_buffer
 .text.cybt_sharedbus_driver_init
                0x1000c1d8        0xc CMakeFiles/pico_ble_keyboard.dir/Users/talha/pico/pico-sdk/src/rp2_common/pico_cyw43_driver/cybt_shared_bus/cybt_shared_bus_driver.c.o
                0x1000c1d8                cybt_sharedbus_driver_init
 .text.pio_sm_set_pindirs_with_mask64
                0x1000c1e4       0xa8 CMakeFiles/pico_ble_keyboard.dir/Users/talha/pico/pico-sdk/src/rp2_common/hardware_pio/pio.c.o
                0x1000c1e4                pio_sm_set_pindirs_with_mask64
 .text.pio_sm_set_consecutive_pindirs
                0x1000c28c       0xb0 CMakeFiles/pico_ble_keyboard.dir/Users/talha/pico/pico-sdk/src/rp2_common/hardware_pio/pio.c.o
                0x1000c28c                pio_sm_set_consecutive_pindirs
 .text.pio_claim_free_sm_and_add_program_for_gpio_range
                0x1000c33c      0x190 CMakeFiles/pico_ble_keyboard.dir/Users/talha/pico/pico-sdk/src/rp2_common/hardware_pio/pio.c.o
                0x1000c33c                pio_claim_free_sm_and_add_program_for_gpio_range
 .text.pio_remove_program_and_unclaim_sm
                0x1000c4cc       0x40 CMakeFiles/pico_ble_keyboard.dir/Users/talha/pico/pico-sdk/src/rp2_common/hardware_pio/pio.c.o
                0x1000c4cc                pio_remove_program_and_unclaim_sm
 .text.dma_channel_unclaim
                0x1000c50c       0x10 CMakeFiles/pico_ble_keyboard.dir/Users/talha/pico/pico-sdk/src/rp2_common/hardware_dma/dma.c.o
                0x1000c50c                dma_channel_unclaim
 .text.dma_claim_unused_channel
                0x1000c51c       0x20 CMakeFiles/pico_ble_keyboard.dir/Users/talha/pico/pico-sdk/src/rp2_common/hardware_dma/dma.c.o
                0x1000c51c                dma_claim_unused_channel
 .text.dma_channel_cleanup
                0x1000c53c       0x60 CMakeFiles/pico_ble_keyboard.dir/Users/talha/pico/pico-sdk/src/rp2_common/hardware_dma/dma.c.o
                0x1000c53c                dma_channel_cleanup
 .text.cyw43_sleep_timeout_reached
                0x1000c59c       0x10 CMakeFiles/pico_ble_keyboard.dir/Users/talha/pico/pico-sdk/src/rp2_common/pico_cyw43_driver/cyw43_driver.c.o
 .text.cyw43_irq_init
                0x1000c5ac       0x28 CMakeFiles/pico_ble_keyboard.dir/Users/talha/pico/pico-sdk/src/rp2_common/pico_cyw43_driver/cyw43_driver.c.o
                0x1000c5ac                cyw43_irq_init
 .text.cyw43_irq_deinit
                0x1000c5d4       0x20 CMakeFiles/pico_ble_keyboard.dir/Users/talha/pico/pico-sdk/src/rp2_common/pico_cyw43_driver/cyw43_driver.c.o
                0x1000c5d4                cyw43_irq_deinit
 .text.cyw43_gpio_irq_handler
                0x1000c5f4       0x44 CMakeFiles/pico_ble_keyboard.dir/Users/talha/pico/pico-sdk/src/rp2_common/pico_cyw43_driver/cyw43_driver.c.o
 .text.cyw43_do_poll
                0x1000c638       0x6c CMakeFiles/pico_ble_keyboard.dir/Users/talha/pico/pico-sdk/src/rp2_common/pico_cyw43_driver/cyw43_driver.c.o
 .text.cyw43_post_poll_hook
                0x1000c6a4       0x10 CMakeFiles/pico_ble_keyboard.dir/Users/talha/pico/pico-sdk/src/rp2_common/pico_cyw43_driver/cyw43_driver.c.o
                0x1000c6a4                cyw43_post_poll_hook
 .text.cyw43_schedule_internal_poll_dispatch
                0x1000c6b4       0x18 CMakeFiles/pico_ble_keyboard.dir/Users/talha/pico/pico-sdk/src/rp2_common/pico_cyw43_driver/cyw43_driver.c.o
                0x1000c6b4                cyw43_schedule_internal_poll_dispatch
 .text.cyw43_driver_init
                0x1000c6cc       0x38 CMakeFiles/pico_ble_keyboard.dir/Users/talha/pico/pico-sdk/src/rp2_common/pico_cyw43_driver/cyw43_driver.c.o
                0x1000c6cc                cyw43_driver_init
 .text.cyw43_driver_deinit
                0x1000c704       0x4c CMakeFiles/pico_ble_keyboard.dir/Users/talha/pico/pico-sdk/src/rp2_common/pico_cyw43_driver/cyw43_driver.c.o
                0x1000c704                cyw43_driver_deinit
 .text.cyw43_hal_generate_laa_mac
                0x1000c750       0x28 CMakeFiles/pico_ble_keyboard.dir/Users/talha/pico/pico-sdk/src/rp2_common/pico_cyw43_driver/cyw43_driver.c.o
                0x1000c750                cyw43_hal_generate_laa_mac
 .text.cyw43_hal_get_mac
                0x1000c778       0x14 CMakeFiles/pico_ble_keyboard.dir/Users/talha/pico/pico-sdk/src/rp2_common/pico_cyw43_driver/cyw43_driver.c.o
                0x1000c778                cyw43_hal_get_mac
 .text.cyw43_thread_enter
                0x1000c78c       0x14 CMakeFiles/pico_ble_keyboard.dir/Users/talha/pico/pico-sdk/src/rp2_common/pico_cyw43_driver/cyw43_driver.c.o
                0x1000c78c                cyw43_thread_enter
 .text.cyw43_thread_exit
                0x1000c7a0       0x14 CMakeFiles/pico_ble_keyboard.dir/Users/talha/pico/pico-sdk/src/rp2_common/pico_cyw43_driver/cyw43_driver.c.o
                0x1000c7a0                cyw43_thread_exit
 .text.cyw43_await_background_or_timeout_us
                0x1000c7b4       0x5c CMakeFiles/pico_ble_keyboard.dir/Users/talha/pico/pico-sdk/src/rp2_common/pico_cyw43_driver/cyw43_driver.c.o
                0x1000c7b4                cyw43_await_background_or_timeout_us
 .text.cyw43_delay_ms
                0x1000c810       0x44 CMakeFiles/pico_ble_keyboard.dir/Users/talha/pico/pico-sdk/src/rp2_common/pico_cyw43_driver/cyw43_driver.c.o
                0x1000c810                cyw43_delay_ms
 .text.cyw43_cb_tcpip_deinit
                0x1000c854        0x4 CMakeFiles/pico_ble_keyboard.dir/Users/talha/pico/pico-sdk/src/rp2_common/pico_cyw43_driver/cyw43_driver.c.o
                0x1000c854                cyw43_cb_tcpip_deinit
 .text.cyw43_cb_tcpip_set_link_up
                0x1000c858        0xc CMakeFiles/pico_ble_keyboard.dir/Users/talha/pico/pico-sdk/src/rp2_common/pico_cyw43_driver/cyw43_driver.c.o
                0x1000c858                cyw43_cb_tcpip_set_link_up
 .text.cyw43_cb_tcpip_set_link_down
                0x1000c864        0xc CMakeFiles/pico_ble_keyboard.dir/Users/talha/pico/pico-sdk/src/rp2_common/pico_cyw43_driver/cyw43_driver.c.o
                0x1000c864                cyw43_cb_tcpip_set_link_down
 .text.cyw43_cb_process_ethernet
                0x1000c870        0xc CMakeFiles/pico_ble_keyboard.dir/Users/talha/pico/pico-sdk/src/rp2_common/pico_cyw43_driver/cyw43_driver.c.o
                0x1000c870                cyw43_cb_process_ethernet
 .text.handle_sync_func_call
                0x1000c87c       0x24 CMakeFiles/pico_ble_keyboard.dir/Users/talha/pico/pico-sdk/src/rp2_common/pico_async_context/async_context_threadsafe_background.c.o
 .text.async_context_threadsafe_background_acquire_lock_blocking
                0x1000c8a0        0xc CMakeFiles/pico_ble_keyboard.dir/Users/talha/pico/pico-sdk/src/rp2_common/pico_async_context/async_context_threadsafe_background.c.o
 .text.process_under_lock
                0x1000c8ac       0xcc CMakeFiles/pico_ble_keyboard.dir/Users/talha/pico/pico-sdk/src/rp2_common/pico_async_context/async_context_threadsafe_background.c.o
 .text.async_context_threadsafe_background_deinit
                0x1000c978       0x64 CMakeFiles/pico_ble_keyboard.dir/Users/talha/pico/pico-sdk/src/rp2_common/pico_async_context/async_context_threadsafe_background.c.o
 .text.low_priority_irq_handler
                0x1000c9dc       0x40 CMakeFiles/pico_ble_keyboard.dir/Users/talha/pico/pico-sdk/src/rp2_common/pico_async_context/async_context_threadsafe_background.c.o
 .text.async_context_threadsafe_background_wait_for_work_until
                0x1000ca1c        0xc CMakeFiles/pico_ble_keyboard.dir/Users/talha/pico/pico-sdk/src/rp2_common/pico_async_context/async_context_threadsafe_background.c.o
 .text.async_context_threadsafe_background_wait_until
                0x1000ca28       0x1c CMakeFiles/pico_ble_keyboard.dir/Users/talha/pico/pico-sdk/src/rp2_common/pico_async_context/async_context_threadsafe_background.c.o
 .text.async_context_threadsafe_background_execute_sync
                0x1000ca44       0xe0 CMakeFiles/pico_ble_keyboard.dir/Users/talha/pico/pico-sdk/src/rp2_common/pico_async_context/async_context_threadsafe_background.c.o
                0x1000ca44                async_context_threadsafe_background_execute_sync
 .text.async_context_threadsafe_background_lock_check
                0x1000cb24       0x28 CMakeFiles/pico_ble_keyboard.dir/Users/talha/pico/pico-sdk/src/rp2_common/pico_async_context/async_context_threadsafe_background.c.o
 .text.async_context_threadsafe_background_set_work_pending
                0x1000cb4c       0x50 CMakeFiles/pico_ble_keyboard.dir/Users/talha/pico/pico-sdk/src/rp2_common/pico_async_context/async_context_threadsafe_background.c.o
 .text.alarm_handler
                0x1000cb9c       0x58 CMakeFiles/pico_ble_keyboard.dir/Users/talha/pico/pico-sdk/src/rp2_common/pico_async_context/async_context_threadsafe_background.c.o
 .text.async_context_threadsafe_background_release_lock
                0x1000cbf4       0x80 CMakeFiles/pico_ble_keyboard.dir/Users/talha/pico/pico-sdk/src/rp2_common/pico_async_context/async_context_threadsafe_background.c.o
 .text.async_context_threadsafe_background_add_at_time_worker
                0x1000cc74       0x94 CMakeFiles/pico_ble_keyboard.dir/Users/talha/pico/pico-sdk/src/rp2_common/pico_async_context/async_context_threadsafe_background.c.o
 .text.async_context_threadsafe_background_when_pending_worker
                0x1000cd08       0x94 CMakeFiles/pico_ble_keyboard.dir/Users/talha/pico/pico-sdk/src/rp2_common/pico_async_context/async_context_threadsafe_background.c.o
 .text.async_context_threadsafe_background_add_when_pending_worker
                0x1000cd9c       0x94 CMakeFiles/pico_ble_keyboard.dir/Users/talha/pico/pico-sdk/src/rp2_common/pico_async_context/async_context_threadsafe_background.c.o
 .text.async_context_threadsafe_background_remove_at_time_worker
                0x1000ce30       0x94 CMakeFiles/pico_ble_keyboard.dir/Users/talha/pico/pico-sdk/src/rp2_common/pico_async_context/async_context_threadsafe_background.c.o
 .text.async_context_threadsafe_background_default_config
                0x1000cec4        0xc CMakeFiles/pico_ble_keyboard.dir/Users/talha/pico/pico-sdk/src/rp2_common/pico_async_context/async_context_threadsafe_background.c.o
                0x1000cec4                async_context_threadsafe_background_default_config
 .text.async_context_threadsafe_background_init
                0x1000ced0       0xa8 CMakeFiles/pico_ble_keyboard.dir/Users/talha/pico/pico-sdk/src/rp2_common/pico_async_context/async_context_threadsafe_background.c.o
                0x1000ced0                async_context_threadsafe_background_init
 .text.async_context_base_add_at_time_worker
                0x1000cf78       0x28 CMakeFiles/pico_ble_keyboard.dir/Users/talha/pico/pico-sdk/src/rp2_common/pico_async_context/async_context_base.c.o
                0x1000cf78                async_context_base_add_at_time_worker
 .text.async_context_base_remove_at_time_worker
                0x1000cfa0       0x24 CMakeFiles/pico_ble_keyboard.dir/Users/talha/pico/pico-sdk/src/rp2_common/pico_async_context/async_context_base.c.o
                0x1000cfa0                async_context_base_remove_at_time_worker
 .text.async_context_base_add_when_pending_worker
                0x1000cfc4       0x24 CMakeFiles/pico_ble_keyboard.dir/Users/talha/pico/pico-sdk/src/rp2_common/pico_async_context/async_context_base.c.o
                0x1000cfc4                async_context_base_add_when_pending_worker
 .text.async_context_base_remove_when_pending_worker
                0x1000cfe8       0x24 CMakeFiles/pico_ble_keyboard.dir/Users/talha/pico/pico-sdk/src/rp2_common/pico_async_context/async_context_base.c.o
                0x1000cfe8                async_context_base_remove_when_pending_worker
 .text.async_context_base_execute_once
                0x1000d00c      0x10c CMakeFiles/pico_ble_keyboard.dir/Users/talha/pico/pico-sdk/src/rp2_common/pico_async_context/async_context_base.c.o
                0x1000d00c                async_context_base_execute_once
 .text.async_context_base_needs_servicing
                0x1000d118       0x54 CMakeFiles/pico_ble_keyboard.dir/Users/talha/pico/pico-sdk/src/rp2_common/pico_async_context/async_context_base.c.o
                0x1000d118                async_context_base_needs_servicing
 .text.att_validate_security.isra.0
                0x1000d16c      0x104 CMakeFiles/pico_ble_keyboard.dir/Users/talha/pico/pico-sdk/lib/btstack/src/ble/att_db.c.o
 .text.handle_read_multiple_request
                0x1000d270      0x220 CMakeFiles/pico_ble_keyboard.dir/Users/talha/pico/pico-sdk/lib/btstack/src/ble/att_db.c.o
 .text.gatt_server_get_const_value_for_handle
                0x1000d490       0x6c CMakeFiles/pico_ble_keyboard.dir/Users/talha/pico/pico-sdk/lib/btstack/src/ble/att_db.c.o
                0x1000d490                gatt_server_get_const_value_for_handle
 .text.att_set_db
                0x1000d4fc       0x44 CMakeFiles/pico_ble_keyboard.dir/Users/talha/pico/pico-sdk/lib/btstack/src/ble/att_db.c.o
                0x1000d4fc                att_set_db
 .text.att_set_read_callback
                0x1000d540        0xc CMakeFiles/pico_ble_keyboard.dir/Users/talha/pico/pico-sdk/lib/btstack/src/ble/att_db.c.o
                0x1000d540                att_set_read_callback
 .text.att_set_write_callback
                0x1000d54c        0xc CMakeFiles/pico_ble_keyboard.dir/Users/talha/pico/pico-sdk/lib/btstack/src/ble/att_db.c.o
                0x1000d54c                att_set_write_callback
 .text.att_clear_transaction_queue
                0x1000d558       0x20 CMakeFiles/pico_ble_keyboard.dir/Users/talha/pico/pico-sdk/lib/btstack/src/ble/att_db.c.o
                0x1000d558                att_clear_transaction_queue
 .text.att_prepare_handle_value_notification
                0x1000d578       0x38 CMakeFiles/pico_ble_keyboard.dir/Users/talha/pico/pico-sdk/lib/btstack/src/ble/att_db.c.o
                0x1000d578                att_prepare_handle_value_notification
 .text.att_handle_request
                0x1000d5b0     0x1818 CMakeFiles/pico_ble_keyboard.dir/Users/talha/pico/pico-sdk/lib/btstack/src/ble/att_db.c.o
                0x1000d5b0                att_handle_request
 .text.gatt_server_get_handle_range_for_service_with_uuid16
                0x1000edc8      0x1cc CMakeFiles/pico_ble_keyboard.dir/Users/talha/pico/pico-sdk/lib/btstack/src/ble/att_db.c.o
                0x1000edc8                gatt_server_get_handle_range_for_service_with_uuid16
 .text.gatt_server_get_value_handle_for_characteristic_with_uuid16
                0x1000ef94       0xbc CMakeFiles/pico_ble_keyboard.dir/Users/talha/pico/pico-sdk/lib/btstack/src/ble/att_db.c.o
                0x1000ef94                gatt_server_get_value_handle_for_characteristic_with_uuid16
 .text.gatt_server_get_descriptor_handle_for_characteristic_with_uuid16
                0x1000f050      0x1f4 CMakeFiles/pico_ble_keyboard.dir/Users/talha/pico/pico-sdk/lib/btstack/src/ble/att_db.c.o
                0x1000f050                gatt_server_get_descriptor_handle_for_characteristic_with_uuid16
 .text.gatt_server_get_client_configuration_handle_for_characteristic_with_uuid16
                0x1000f244       0x10 CMakeFiles/pico_ble_keyboard.dir/Users/talha/pico/pico-sdk/lib/btstack/src/ble/att_db.c.o
                0x1000f244                gatt_server_get_client_configuration_handle_for_characteristic_with_uuid16
 .text.att_is_persistent_ccc
                0x1000f254       0x98 CMakeFiles/pico_ble_keyboard.dir/Users/talha/pico/pico-sdk/lib/btstack/src/ble/att_db.c.o
                0x1000f254                att_is_persistent_ccc
 .text.att_read_callback_handle_blob
                0x1000f2ec       0x34 CMakeFiles/pico_ble_keyboard.dir/Users/talha/pico/pico-sdk/lib/btstack/src/ble/att_db.c.o
                0x1000f2ec                att_read_callback_handle_blob
 .text.att_read_callback_handle_little_endian_16
                0x1000f320       0x44 CMakeFiles/pico_ble_keyboard.dir/Users/talha/pico/pico-sdk/lib/btstack/src/ble/att_db.c.o
                0x1000f320                att_read_callback_handle_little_endian_16
 .text.att_read_callback_handle_byte
                0x1000f364       0x38 CMakeFiles/pico_ble_keyboard.dir/Users/talha/pico/pico-sdk/lib/btstack/src/ble/att_db.c.o
                0x1000f364                att_read_callback_handle_byte
 .text.att_packet_handler
                0x1000f39c      0x11c CMakeFiles/pico_ble_keyboard.dir/Users/talha/pico/pico-sdk/lib/btstack/src/ble/att_dispatch.c.o
 .text.att_dispatch_register_server
                0x1000f4b8       0x18 CMakeFiles/pico_ble_keyboard.dir/Users/talha/pico/pico-sdk/lib/btstack/src/ble/att_dispatch.c.o
                0x1000f4b8                att_dispatch_register_server
 .text.att_dispatch_server_can_send_now
                0x1000f4d0        0xc CMakeFiles/pico_ble_keyboard.dir/Users/talha/pico/pico-sdk/lib/btstack/src/ble/att_dispatch.c.o
                0x1000f4d0                att_dispatch_server_can_send_now
 .text.att_dispatch_server_request_can_send_now_event
                0x1000f4dc       0x24 CMakeFiles/pico_ble_keyboard.dir/Users/talha/pico/pico-sdk/lib/btstack/src/ble/att_dispatch.c.o
                0x1000f4dc                att_dispatch_server_request_can_send_now_event
 .text.att_dispatch_server_mtu_exchanged
                0x1000f500       0x40 CMakeFiles/pico_ble_keyboard.dir/Users/talha/pico/pico-sdk/lib/btstack/src/ble/att_dispatch.c.o
                0x1000f500                att_dispatch_server_mtu_exchanged
 .text.att_server_write_callback
                0x1000f540      0x33c CMakeFiles/pico_ble_keyboard.dir/Users/talha/pico/pico-sdk/lib/btstack/src/ble/att_server.c.o
 .text.att_server_read_callback
                0x1000f87c       0x6c CMakeFiles/pico_ble_keyboard.dir/Users/talha/pico/pico-sdk/lib/btstack/src/ble/att_server.c.o
 .text.att_handle_value_indication_notify_client
                0x1000f8e8       0x70 CMakeFiles/pico_ble_keyboard.dir/Users/talha/pico/pico-sdk/lib/btstack/src/ble/att_server.c.o
 .text.att_server_dispatch_packet_handler
                0x1000f958      0x568 CMakeFiles/pico_ble_keyboard.dir/Users/talha/pico/pico-sdk/lib/btstack/src/ble/att_server.c.o
 .text.att_server_event_packet_handler
                0x1000fec0      0x718 CMakeFiles/pico_ble_keyboard.dir/Users/talha/pico/pico-sdk/lib/btstack/src/ble/att_server.c.o
 .text.att_server_register_service_handler
                0x100105d8       0x94 CMakeFiles/pico_ble_keyboard.dir/Users/talha/pico/pico-sdk/lib/btstack/src/ble/att_server.c.o
                0x100105d8                att_server_register_service_handler
 .text.att_server_init
                0x1001066c       0x58 CMakeFiles/pico_ble_keyboard.dir/Users/talha/pico/pico-sdk/lib/btstack/src/ble/att_server.c.o
                0x1001066c                att_server_init
 .text.att_server_register_can_send_now_callback
                0x100106c4       0x48 CMakeFiles/pico_ble_keyboard.dir/Users/talha/pico/pico-sdk/lib/btstack/src/ble/att_server.c.o
                0x100106c4                att_server_register_can_send_now_callback
 .text.att_server_notify
                0x1001070c       0x78 CMakeFiles/pico_ble_keyboard.dir/Users/talha/pico/pico-sdk/lib/btstack/src/ble/att_server.c.o
                0x1001070c                att_server_notify
 .text.le_device_db_init
                0x10010784       0x28 CMakeFiles/pico_ble_keyboard.dir/Users/talha/pico/pico-sdk/lib/btstack/src/ble/le_device_db_tlv.c.o
                0x10010784                le_device_db_init
 .text.le_device_db_set_local_bd_addr
                0x100107ac        0x4 CMakeFiles/pico_ble_keyboard.dir/Users/talha/pico/pico-sdk/lib/btstack/src/ble/le_device_db_tlv.c.o
                0x100107ac                le_device_db_set_local_bd_addr
 .text.le_device_db_max_count
                0x100107b0        0x4 CMakeFiles/pico_ble_keyboard.dir/Users/talha/pico/pico-sdk/lib/btstack/src/ble/le_device_db_tlv.c.o
                0x100107b0                le_device_db_max_count
 .text.le_device_db_remove
                0x100107b4       0x44 CMakeFiles/pico_ble_keyboard.dir/Users/talha/pico/pico-sdk/lib/btstack/src/ble/le_device_db_tlv.c.o
                0x100107b4                le_device_db_remove
 .text.le_device_db_add
                0x100107f8      0x1a8 CMakeFiles/pico_ble_keyboard.dir/Users/talha/pico/pico-sdk/lib/btstack/src/ble/le_device_db_tlv.c.o
                0x100107f8                le_device_db_add
 .text.le_device_db_info
                0x100109a0       0x6c CMakeFiles/pico_ble_keyboard.dir/Users/talha/pico/pico-sdk/lib/btstack/src/ble/le_device_db_tlv.c.o
                0x100109a0                le_device_db_info
 .text.le_device_db_encryption_set
                0x10010a0c       0xec CMakeFiles/pico_ble_keyboard.dir/Users/talha/pico/pico-sdk/lib/btstack/src/ble/le_device_db_tlv.c.o
                0x10010a0c                le_device_db_encryption_set
 .text.le_device_db_encryption_get
                0x10010af8      0x100 CMakeFiles/pico_ble_keyboard.dir/Users/talha/pico/pico-sdk/lib/btstack/src/ble/le_device_db_tlv.c.o
                0x10010af8                le_device_db_encryption_get
 .text.le_device_db_tlv_configure
                0x10010bf8       0xa8 CMakeFiles/pico_ble_keyboard.dir/Users/talha/pico/pico-sdk/lib/btstack/src/ble/le_device_db_tlv.c.o
                0x10010bf8                le_device_db_tlv_configure
 .text.sm_load_security_info
                0x10010ca0       0x7c CMakeFiles/pico_ble_keyboard.dir/Users/talha/pico/pico-sdk/lib/btstack/src/ble/sm.c.o
 .text.sm_sc_generate_nx_for_send_random
                0x10010d1c       0x4c CMakeFiles/pico_ble_keyboard.dir/Users/talha/pico/pico-sdk/lib/btstack/src/ble/sm.c.o
 .text.sm_sc_start_calculating_local_confirm
                0x10010d68       0x34 CMakeFiles/pico_ble_keyboard.dir/Users/talha/pico/pico-sdk/lib/btstack/src/ble/sm.c.o
 .text.sm_init_setup
                0x10010d9c      0x1d8 CMakeFiles/pico_ble_keyboard.dir/Users/talha/pico/pico-sdk/lib/btstack/src/ble/sm.c.o
 .text.f4_engine
                0x10010f74       0xb0 CMakeFiles/pico_ble_keyboard.dir/Users/talha/pico/pico-sdk/lib/btstack/src/ble/sm.c.o
 .text.sm_handle_random_result_ph3_random
                0x10011024       0x68 CMakeFiles/pico_ble_keyboard.dir/Users/talha/pico/pico-sdk/lib/btstack/src/ble/sm.c.o
 .text.sm_handle_encryption_result_enc_a
                0x1001108c      0x12c CMakeFiles/pico_ble_keyboard.dir/Users/talha/pico/pico-sdk/lib/btstack/src/ble/sm.c.o
 .text.g2_engine.constprop.0